2026-05-05 08:22:57 [INFO]: MongoDB connected
2026-05-05 08:22:57 [INFO]: Indexer scheduled for networks [testnet] every 30000ms
2026-05-05 08:22:57 [INFO]: Starting indexer for mode: testnet
2026-05-05 08:22:59 [INFO]: Indexer finished. Mode: testnet
2026-05-05 08:23:28 [INFO]: Starting indexer for mode: testnet
2026-05-05 08:23:29 [INFO]: Indexer finished. Mode: testnet
2026-05-05 08:23:57 [INFO]: MongoDB connections — current: 22, available: 100278
2026-05-05 08:23:59 [INFO]: Starting indexer for mode: testnet
2026-05-05 08:23:59 [INFO]: Indexer finished. Mode: testnet
2026-06-29 09:56:42 [INFO]: MongoDB connected
2026-06-29 09:56:42 [INFO]: Indexer scheduled for networks [testnet] every 30000ms
2026-06-29 09:56:42 [INFO]: Starting indexer for mode: testnet
2026-06-29 09:57:05 [INFO]: MongoDB connected
2026-06-29 09:57:05 [INFO]: Indexer scheduled for networks [testnet] every 30000ms
2026-06-29 09:57:05 [INFO]: Starting indexer for mode: testnet
2026-06-29 09:57:08 [INFO]: Indexer finished. Mode: testnet
2026-06-29 09:57:38 [INFO]: Starting indexer for mode: testnet
2026-06-29 09:57:38 [INFO]: Indexer finished. Mode: testnet
2026-06-29 09:58:05 [INFO]: MongoDB connections — current: 10, available: 100290
2026-06-29 09:58:08 [INFO]: Starting indexer for mode: testnet
2026-06-29 09:58:08 [INFO]: Indexer finished. Mode: testnet
2026-06-29 09:58:38 [INFO]: Starting indexer for mode: testnet
2026-06-29 09:58:38 [INFO]: Indexer finished. Mode: testnet
2026-06-29 09:59:05 [INFO]: MongoDB connections — current: 22, available: 100278
2026-06-29 09:59:08 [INFO]: Starting indexer for mode: testnet
2026-06-29 09:59:08 [INFO]: Indexer finished. Mode: testnet
2026-06-29 09:59:38 [INFO]: Starting indexer for mode: testnet
2026-06-29 09:59:38 [INFO]: Indexer finished. Mode: testnet
2026-06-29 10:00:05 [INFO]: MongoDB connections — current: 22, available: 100278
2026-06-29 10:00:08 [INFO]: Starting indexer for mode: testnet
2026-06-29 10:00:08 [INFO]: Indexer finished. Mode: testnet
2026-06-29 10:00:38 [INFO]: Starting indexer for mode: testnet
2026-06-29 10:00:38 [INFO]: Indexer finished. Mode: testnet
2026-06-29 10:01:05 [INFO]: MongoDB connections — current: 22, available: 100278
2026-06-29 10:01:08 [INFO]: Starting indexer for mode: testnet
2026-06-29 10:01:08 [INFO]: Indexer finished. Mode: testnet
2026-06-29 10:01:38 [INFO]: Starting indexer for mode: testnet
2026-06-29 10:01:38 [INFO]: Indexer finished. Mode: testnet
2026-06-29 10:02:05 [INFO]: MongoDB connections — current: 22, available: 100278
2026-06-29 10:02:08 [INFO]: Starting indexer for mode: testnet
2026-06-29 10:02:08 [INFO]: Indexer finished. Mode: testnet
2026-06-29 10:02:38 [INFO]: Starting indexer for mode: testnet
2026-06-29 10:02:38 [INFO]: Indexer finished. Mode: testnet
2026-06-29 10:03:05 [INFO]: MongoDB connections — current: 22, available: 100278
2026-06-29 10:03:08 [INFO]: Starting indexer for mode: testnet
2026-06-29 10:03:08 [INFO]: Indexer finished. Mode: testnet
2026-06-29 10:03:38 [INFO]: Starting indexer for mode: testnet
2026-06-29 10:03:38 [INFO]: Indexer finished. Mode: testnet
2026-06-29 10:04:05 [INFO]: MongoDB connections — current: 22, available: 100278
2026-06-29 10:04:08 [INFO]: Starting indexer for mode: testnet
2026-06-29 10:04:08 [INFO]: Indexer finished. Mode: testnet
2026-06-29 10:04:38 [INFO]: Starting indexer for mode: testnet
2026-06-29 10:04:38 [INFO]: Indexer finished. Mode: testnet
2026-06-29 10:05:05 [INFO]: MongoDB connections — current: 22, available: 100278
2026-06-29 10:05:08 [INFO]: Starting indexer for mode: testnet
2026-06-29 10:05:08 [INFO]: Indexer finished. Mode: testnet
2026-06-29 10:05:38 [INFO]: Starting indexer for mode: testnet
2026-06-29 10:05:38 [INFO]: Indexer finished. Mode: testnet
2026-06-29 10:06:05 [INFO]: MongoDB connections — current: 22, available: 100278
2026-06-29 10:06:08 [INFO]: Starting indexer for mode: testnet
2026-06-29 10:06:08 [INFO]: Indexer finished. Mode: testnet
2026-06-29 10:06:38 [INFO]: Starting indexer for mode: testnet
2026-06-29 10:06:38 [INFO]: Indexer finished. Mode: testnet
2026-06-29 10:07:05 [INFO]: MongoDB connections — current: 22, available: 100278
2026-06-29 10:07:08 [INFO]: Starting indexer for mode: testnet
2026-06-29 10:07:08 [INFO]: Indexer finished. Mode: testnet
2026-06-29 10:07:38 [INFO]: Starting indexer for mode: testnet
2026-06-29 10:07:38 [INFO]: Indexer finished. Mode: testnet
2026-06-29 10:08:05 [INFO]: MongoDB connections — current: 22, available: 100278
2026-06-29 10:08:08 [INFO]: Starting indexer for mode: testnet
2026-06-29 10:08:08 [INFO]: Indexer finished. Mode: testnet
2026-06-29 10:08:38 [INFO]: Starting indexer for mode: testnet
2026-06-29 10:08:38 [INFO]: Indexer finished. Mode: testnet
2026-06-29 10:09:05 [INFO]: MongoDB connections — current: 22, available: 100278
2026-06-29 10:09:08 [INFO]: Starting indexer for mode: testnet
2026-06-29 10:09:08 [INFO]: Indexer finished. Mode: testnet
2026-06-29 10:09:38 [INFO]: Starting indexer for mode: testnet
2026-06-29 10:09:38 [INFO]: Indexer finished. Mode: testnet
2026-06-29 10:10:05 [INFO]: MongoDB connections — current: 22, available: 100278
2026-06-29 10:10:08 [INFO]: Starting indexer for mode: testnet
2026-06-29 10:10:08 [INFO]: Indexer finished. Mode: testnet
2026-06-29 10:10:38 [INFO]: Starting indexer for mode: testnet
2026-06-29 10:10:38 [INFO]: Indexer finished. Mode: testnet
2026-06-29 10:11:05 [INFO]: MongoDB connections — current: 22, available: 100278
2026-06-29 10:11:08 [INFO]: Starting indexer for mode: testnet
2026-06-29 10:11:08 [INFO]: Indexer finished. Mode: testnet
2026-06-29 10:11:38 [INFO]: Starting indexer for mode: testnet
2026-06-29 10:11:38 [INFO]: Indexer finished. Mode: testnet
2026-06-29 10:12:05 [INFO]: MongoDB connections — current: 19, available: 100281
2026-06-29 10:12:08 [INFO]: Starting indexer for mode: testnet
2026-06-29 10:12:08 [INFO]: Indexer finished. Mode: testnet
2026-06-29 10:12:38 [INFO]: Starting indexer for mode: testnet
2026-06-29 10:12:38 [INFO]: Indexer finished. Mode: testnet
2026-06-29 10:13:05 [INFO]: MongoDB connections — current: 19, available: 100281
2026-06-29 10:13:08 [INFO]: Starting indexer for mode: testnet
2026-06-29 10:13:08 [INFO]: Indexer finished. Mode: testnet
2026-06-29 10:13:38 [INFO]: Starting indexer for mode: testnet
2026-06-29 10:13:38 [INFO]: Indexer finished. Mode: testnet
2026-06-29 10:14:05 [INFO]: MongoDB connections — current: 19, available: 100281
2026-06-29 10:14:08 [INFO]: Starting indexer for mode: testnet
2026-06-29 10:14:08 [INFO]: Indexer finished. Mode: testnet
2026-06-29 10:14:38 [INFO]: Starting indexer for mode: testnet
2026-06-29 10:14:38 [INFO]: Indexer finished. Mode: testnet
2026-06-29 10:15:05 [INFO]: MongoDB connections — current: 19, available: 100281
2026-06-29 10:15:08 [INFO]: Starting indexer for mode: testnet
2026-06-29 10:15:08 [INFO]: Indexer finished. Mode: testnet
2026-06-29 10:15:38 [INFO]: Starting indexer for mode: testnet
2026-06-29 10:15:38 [INFO]: Indexer finished. Mode: testnet
2026-06-29 10:16:05 [INFO]: MongoDB connections — current: 19, available: 100281
2026-06-29 10:16:08 [INFO]: Starting indexer for mode: testnet
2026-06-29 10:16:08 [INFO]: Indexer finished. Mode: testnet
2026-06-29 10:16:38 [INFO]: Starting indexer for mode: testnet
2026-06-29 10:16:38 [INFO]: Indexer finished. Mode: testnet
2026-06-29 10:17:05 [INFO]: MongoDB connections — current: 19, available: 100281
2026-06-29 10:17:08 [INFO]: Starting indexer for mode: testnet
2026-06-29 10:17:08 [INFO]: Indexer finished. Mode: testnet
2026-06-29 10:17:38 [INFO]: Starting indexer for mode: testnet
2026-06-29 10:17:38 [INFO]: Indexer finished. Mode: testnet
2026-06-29 10:18:05 [INFO]: MongoDB connections — current: 19, available: 100281
2026-06-29 10:18:08 [INFO]: Starting indexer for mode: testnet
2026-06-29 10:18:08 [INFO]: Indexer finished. Mode: testnet
2026-06-29 10:18:38 [INFO]: Starting indexer for mode: testnet
2026-06-29 10:18:38 [INFO]: Indexer finished. Mode: testnet
2026-06-29 10:19:05 [INFO]: MongoDB connections — current: 19, available: 100281
2026-06-29 10:19:08 [INFO]: Starting indexer for mode: testnet
2026-06-29 10:19:08 [INFO]: Indexer finished. Mode: testnet
2026-06-29 10:19:38 [INFO]: Starting indexer for mode: testnet
2026-06-29 10:19:39 [INFO]: Indexer finished. Mode: testnet
2026-06-29 10:20:05 [INFO]: MongoDB connections — current: 19, available: 100281
2026-06-29 10:20:08 [INFO]: Starting indexer for mode: testnet
2026-06-29 10:20:09 [INFO]: Indexer finished. Mode: testnet
2026-06-29 10:20:38 [INFO]: Starting indexer for mode: testnet
2026-06-29 10:20:39 [INFO]: Indexer finished. Mode: testnet
2026-06-29 10:21:05 [INFO]: MongoDB connections — current: 19, available: 100281
2026-06-29 10:21:08 [INFO]: Starting indexer for mode: testnet
2026-06-29 10:21:09 [INFO]: Indexer finished. Mode: testnet
2026-06-29 10:21:38 [INFO]: Starting indexer for mode: testnet
2026-06-29 10:21:39 [INFO]: Indexer finished. Mode: testnet
2026-06-29 10:22:05 [INFO]: MongoDB connections — current: 19, available: 100281
2026-06-29 10:22:08 [INFO]: Starting indexer for mode: testnet
2026-06-29 10:22:08 [INFO]: Indexer finished. Mode: testnet
2026-06-29 10:22:38 [INFO]: Starting indexer for mode: testnet
2026-06-29 10:22:38 [INFO]: Indexer finished. Mode: testnet
2026-06-29 10:23:05 [INFO]: MongoDB connections — current: 19, available: 100281
2026-06-29 10:23:08 [INFO]: Starting indexer for mode: testnet
2026-06-29 10:23:08 [INFO]: Indexer finished. Mode: testnet
2026-06-29 10:23:38 [INFO]: Starting indexer for mode: testnet
2026-06-29 10:23:38 [INFO]: Indexer finished. Mode: testnet
2026-06-29 10:24:05 [INFO]: MongoDB connections — current: 19, available: 100281
2026-06-29 10:24:08 [INFO]: Starting indexer for mode: testnet
2026-06-29 10:24:08 [INFO]: Indexer finished. Mode: testnet
2026-06-29 10:24:38 [INFO]: Starting indexer for mode: testnet
2026-06-29 10:24:38 [INFO]: Indexer finished. Mode: testnet
2026-06-29 10:25:05 [INFO]: MongoDB connections — current: 19, available: 100281
2026-06-29 10:25:08 [INFO]: Starting indexer for mode: testnet
2026-06-29 10:25:08 [INFO]: Indexer finished. Mode: testnet
2026-06-29 10:41:17 [INFO]: Starting indexer for mode: testnet
2026-06-29 10:41:36 [INFO]: Indexer finished. Mode: testnet
2026-06-29 10:41:45 [INFO]: MongoDB connections — current: 9, available: 100291
2026-06-29 10:41:47 [INFO]: Starting indexer for mode: testnet
2026-06-29 10:41:48 [INFO]: Indexer finished. Mode: testnet
2026-06-29 10:47:18 [INFO]: Starting indexer for mode: testnet
2026-06-29 10:47:20 [INFO]: Indexer finished. Mode: testnet
2026-06-29 10:47:45 [INFO]: MongoDB connections — current: 9, available: 100291
2026-06-29 10:47:48 [INFO]: Starting indexer for mode: testnet
2026-06-29 10:47:48 [INFO]: Indexer finished. Mode: testnet
2026-06-29 10:48:18 [INFO]: Starting indexer for mode: testnet
2026-06-29 10:48:18 [INFO]: Indexer finished. Mode: testnet
2026-06-29 10:48:45 [INFO]: MongoDB connections — current: 9, available: 100291
2026-06-29 10:48:48 [INFO]: Starting indexer for mode: testnet
2026-06-29 10:48:48 [INFO]: Indexer finished. Mode: testnet
2026-06-29 10:49:18 [INFO]: Starting indexer for mode: testnet
2026-06-29 10:49:18 [INFO]: Indexer finished. Mode: testnet
2026-06-29 10:49:45 [INFO]: MongoDB connections — current: 9, available: 100291
2026-06-29 10:49:48 [INFO]: Starting indexer for mode: testnet
2026-06-29 10:49:48 [INFO]: Indexer finished. Mode: testnet
2026-06-29 10:50:18 [INFO]: Starting indexer for mode: testnet
2026-06-29 10:50:18 [INFO]: Indexer finished. Mode: testnet
2026-06-29 10:50:45 [INFO]: MongoDB connections — current: 9, available: 100291
2026-06-29 10:50:48 [INFO]: Starting indexer for mode: testnet
2026-06-29 10:50:48 [INFO]: Indexer finished. Mode: testnet
2026-06-29 10:51:18 [INFO]: Starting indexer for mode: testnet
2026-06-29 10:51:18 [INFO]: Indexer finished. Mode: testnet
2026-06-29 10:51:45 [INFO]: MongoDB connections — current: 9, available: 100291
2026-06-29 10:51:48 [INFO]: Starting indexer for mode: testnet
2026-06-29 10:51:48 [INFO]: Indexer finished. Mode: testnet
2026-06-29 10:52:18 [INFO]: Starting indexer for mode: testnet
2026-06-29 10:52:18 [INFO]: Indexer finished. Mode: testnet
2026-06-29 10:52:45 [INFO]: MongoDB connections — current: 9, available: 100291
2026-06-29 10:52:48 [INFO]: Starting indexer for mode: testnet
2026-06-29 10:52:48 [INFO]: Indexer finished. Mode: testnet
2026-06-29 10:53:18 [INFO]: Starting indexer for mode: testnet
2026-06-29 10:53:18 [INFO]: Indexer finished. Mode: testnet
2026-06-29 10:53:45 [INFO]: MongoDB connections — current: 9, available: 100291
2026-06-29 10:53:48 [INFO]: Starting indexer for mode: testnet
2026-06-29 10:53:48 [INFO]: Indexer finished. Mode: testnet
2026-06-29 10:54:18 [INFO]: Starting indexer for mode: testnet
2026-06-29 10:54:18 [INFO]: Indexer finished. Mode: testnet
2026-06-29 10:54:45 [INFO]: MongoDB connections — current: 9, available: 100291
2026-06-29 10:54:48 [INFO]: Starting indexer for mode: testnet
2026-06-29 10:54:48 [INFO]: Indexer finished. Mode: testnet
2026-06-29 10:55:18 [INFO]: Starting indexer for mode: testnet
2026-06-29 10:55:18 [INFO]: Indexer finished. Mode: testnet
2026-06-29 10:55:45 [INFO]: MongoDB connections — current: 9, available: 100291
2026-06-29 10:55:48 [INFO]: Starting indexer for mode: testnet
2026-06-29 10:55:48 [INFO]: Indexer finished. Mode: testnet
2026-06-29 10:56:18 [INFO]: Starting indexer for mode: testnet
2026-06-29 10:56:18 [INFO]: Indexer finished. Mode: testnet
2026-06-29 10:56:45 [INFO]: MongoDB connections — current: 9, available: 100291
2026-06-29 10:56:48 [INFO]: Starting indexer for mode: testnet
2026-06-29 10:56:48 [INFO]: Indexer finished. Mode: testnet
2026-06-29 10:57:18 [INFO]: Starting indexer for mode: testnet
2026-06-29 10:57:18 [INFO]: Indexer finished. Mode: testnet
2026-06-29 10:57:45 [INFO]: MongoDB connections — current: 9, available: 100291
2026-06-29 10:57:48 [INFO]: Starting indexer for mode: testnet
2026-06-29 10:57:48 [INFO]: Indexer finished. Mode: testnet
2026-06-29 10:58:18 [INFO]: Starting indexer for mode: testnet
2026-06-29 10:58:18 [INFO]: Indexer finished. Mode: testnet
2026-06-29 10:58:45 [INFO]: MongoDB connections — current: 9, available: 100291
2026-06-29 10:58:48 [INFO]: Starting indexer for mode: testnet
2026-06-29 10:58:48 [INFO]: Indexer finished. Mode: testnet
2026-06-29 10:59:18 [INFO]: Starting indexer for mode: testnet
2026-06-29 10:59:18 [INFO]: Indexer finished. Mode: testnet
2026-06-29 10:59:45 [INFO]: MongoDB connections — current: 9, available: 100291
2026-06-29 10:59:48 [INFO]: Starting indexer for mode: testnet
2026-06-29 10:59:48 [INFO]: Indexer finished. Mode: testnet
2026-06-29 11:00:18 [INFO]: Starting indexer for mode: testnet
2026-06-29 11:00:18 [INFO]: Indexer finished. Mode: testnet
2026-06-29 11:00:45 [INFO]: MongoDB connections — current: 9, available: 100291
2026-06-29 11:00:48 [INFO]: Starting indexer for mode: testnet
2026-06-29 11:00:48 [INFO]: Indexer finished. Mode: testnet
2026-06-29 11:01:18 [INFO]: Starting indexer for mode: testnet
2026-06-29 11:01:18 [INFO]: Indexer finished. Mode: testnet
2026-06-29 11:01:45 [INFO]: MongoDB connections — current: 9, available: 100291
2026-06-29 11:01:48 [INFO]: Starting indexer for mode: testnet
2026-06-29 11:01:48 [INFO]: Indexer finished. Mode: testnet
2026-06-29 11:02:18 [INFO]: Starting indexer for mode: testnet
2026-06-29 11:02:18 [INFO]: Indexer finished. Mode: testnet
2026-06-29 11:02:45 [INFO]: MongoDB connections — current: 9, available: 100291
2026-06-29 11:02:48 [INFO]: Starting indexer for mode: testnet
2026-06-29 11:02:48 [INFO]: Indexer finished. Mode: testnet
2026-06-29 11:03:18 [INFO]: Starting indexer for mode: testnet
2026-06-29 11:03:18 [INFO]: Indexer finished. Mode: testnet
2026-06-29 11:03:45 [INFO]: MongoDB connections — current: 9, available: 100291
2026-06-29 11:03:48 [INFO]: Starting indexer for mode: testnet
2026-06-29 11:03:48 [INFO]: Indexer finished. Mode: testnet
2026-06-29 11:04:18 [INFO]: Starting indexer for mode: testnet
2026-06-29 11:04:18 [INFO]: Indexer finished. Mode: testnet
2026-06-29 11:04:45 [INFO]: MongoDB connections — current: 9, available: 100291
2026-06-29 11:04:48 [INFO]: Starting indexer for mode: testnet
2026-06-29 11:04:48 [INFO]: Indexer finished. Mode: testnet
2026-06-29 11:05:18 [INFO]: Starting indexer for mode: testnet
2026-06-29 11:05:18 [INFO]: Indexer finished. Mode: testnet
2026-06-29 11:05:45 [INFO]: MongoDB connections — current: 9, available: 100291
2026-06-29 11:05:48 [INFO]: Starting indexer for mode: testnet
2026-06-29 11:05:48 [INFO]: Indexer finished. Mode: testnet
2026-06-29 11:06:18 [INFO]: Starting indexer for mode: testnet
2026-06-29 11:06:18 [INFO]: Indexer finished. Mode: testnet
2026-06-29 11:06:45 [INFO]: MongoDB connections — current: 9, available: 100291
2026-06-29 11:06:48 [INFO]: Starting indexer for mode: testnet
2026-06-29 11:06:48 [INFO]: Indexer finished. Mode: testnet
2026-06-29 11:07:18 [INFO]: Starting indexer for mode: testnet
2026-06-29 11:07:18 [INFO]: Indexer finished. Mode: testnet
2026-06-29 11:07:45 [INFO]: MongoDB connections — current: 9, available: 100291
2026-06-29 11:07:48 [INFO]: Starting indexer for mode: testnet
2026-06-29 11:07:48 [INFO]: Indexer finished. Mode: testnet
2026-06-29 11:08:18 [INFO]: Starting indexer for mode: testnet
2026-06-29 11:08:18 [INFO]: Indexer finished. Mode: testnet
2026-06-29 11:08:45 [INFO]: MongoDB connections — current: 9, available: 100291
2026-06-29 11:08:48 [INFO]: Starting indexer for mode: testnet
2026-06-29 11:08:48 [INFO]: Indexer finished. Mode: testnet
2026-06-29 11:09:18 [INFO]: Starting indexer for mode: testnet
2026-06-29 11:09:18 [INFO]: Indexer finished. Mode: testnet
2026-06-29 11:09:45 [INFO]: MongoDB connections — current: 9, available: 100291
2026-06-29 11:09:48 [INFO]: Starting indexer for mode: testnet
2026-06-29 11:09:48 [INFO]: Indexer finished. Mode: testnet
2026-06-29 11:10:18 [INFO]: Starting indexer for mode: testnet
2026-06-29 11:10:18 [INFO]: Indexer finished. Mode: testnet
2026-06-29 11:10:45 [INFO]: MongoDB connections — current: 9, available: 100291
2026-06-29 11:10:48 [INFO]: Starting indexer for mode: testnet
2026-06-29 11:10:48 [INFO]: Indexer finished. Mode: testnet
2026-06-29 11:11:18 [INFO]: Starting indexer for mode: testnet
2026-06-29 11:11:18 [INFO]: Indexer finished. Mode: testnet
2026-06-29 11:11:45 [INFO]: MongoDB connections — current: 9, available: 100291
2026-06-29 11:11:48 [INFO]: Starting indexer for mode: testnet
2026-06-29 11:11:48 [INFO]: Indexer finished. Mode: testnet
2026-06-29 11:12:18 [INFO]: Starting indexer for mode: testnet
2026-06-29 11:12:18 [INFO]: Indexer finished. Mode: testnet
2026-06-29 11:12:45 [INFO]: MongoDB connections — current: 12, available: 100288
2026-06-29 11:12:48 [INFO]: Starting indexer for mode: testnet
2026-06-29 11:12:48 [INFO]: Indexer finished. Mode: testnet
2026-06-29 11:13:18 [INFO]: Starting indexer for mode: testnet
2026-06-29 11:13:18 [INFO]: Indexer finished. Mode: testnet
2026-06-29 11:13:45 [INFO]: MongoDB connections — current: 12, available: 100288
2026-06-29 11:13:48 [INFO]: Starting indexer for mode: testnet
2026-06-29 11:13:48 [INFO]: Indexer finished. Mode: testnet
2026-06-29 11:14:18 [INFO]: Starting indexer for mode: testnet
2026-06-29 11:14:18 [INFO]: Indexer finished. Mode: testnet
2026-06-29 11:14:45 [INFO]: MongoDB connections — current: 12, available: 100288
2026-06-29 11:14:48 [INFO]: Starting indexer for mode: testnet
2026-06-29 11:14:48 [INFO]: Indexer finished. Mode: testnet
2026-06-29 11:15:18 [INFO]: Starting indexer for mode: testnet
2026-06-29 11:15:18 [INFO]: Indexer finished. Mode: testnet
2026-06-29 11:15:45 [INFO]: MongoDB connections — current: 12, available: 100288
2026-06-29 11:15:48 [INFO]: Starting indexer for mode: testnet
2026-06-29 11:15:48 [INFO]: Indexer finished. Mode: testnet
2026-06-29 11:16:18 [INFO]: Starting indexer for mode: testnet
2026-06-29 11:16:18 [INFO]: Indexer finished. Mode: testnet
2026-06-29 11:16:45 [INFO]: MongoDB connections — current: 12, available: 100288
2026-06-29 11:16:48 [INFO]: Starting indexer for mode: testnet
2026-06-29 11:16:48 [INFO]: Indexer finished. Mode: testnet
2026-06-29 11:17:18 [INFO]: Starting indexer for mode: testnet
2026-06-29 11:17:18 [INFO]: Indexer finished. Mode: testnet
2026-06-29 11:17:45 [INFO]: MongoDB connections — current: 12, available: 100288
2026-06-29 11:17:48 [INFO]: Starting indexer for mode: testnet
2026-06-29 11:17:48 [INFO]: Indexer finished. Mode: testnet
2026-06-29 11:18:18 [INFO]: Starting indexer for mode: testnet
2026-06-29 11:18:18 [INFO]: Indexer finished. Mode: testnet
2026-06-29 11:18:45 [INFO]: MongoDB connections — current: 12, available: 100288
2026-06-29 11:18:48 [INFO]: Starting indexer for mode: testnet
2026-06-29 11:18:48 [INFO]: Indexer finished. Mode: testnet
2026-06-29 11:19:18 [INFO]: Starting indexer for mode: testnet
2026-06-29 11:19:18 [INFO]: Indexer finished. Mode: testnet
2026-06-29 11:19:45 [INFO]: MongoDB connections — current: 12, available: 100288
2026-06-29 11:19:48 [INFO]: Starting indexer for mode: testnet
2026-06-29 11:19:48 [INFO]: Indexer finished. Mode: testnet
2026-06-29 11:20:18 [INFO]: Starting indexer for mode: testnet
2026-06-29 11:20:18 [INFO]: Indexer finished. Mode: testnet
2026-06-29 11:20:45 [INFO]: MongoDB connections — current: 12, available: 100288
2026-06-29 11:20:48 [INFO]: Starting indexer for mode: testnet
2026-06-29 11:20:48 [INFO]: Indexer finished. Mode: testnet
2026-06-29 11:21:18 [INFO]: Starting indexer for mode: testnet
2026-06-29 11:21:18 [INFO]: Indexer finished. Mode: testnet
2026-06-29 11:21:45 [INFO]: MongoDB connections — current: 12, available: 100288
2026-06-29 11:21:48 [INFO]: Starting indexer for mode: testnet
2026-06-29 11:21:48 [INFO]: Indexer finished. Mode: testnet
2026-06-29 11:22:18 [INFO]: Starting indexer for mode: testnet
2026-06-29 11:22:18 [INFO]: Indexer finished. Mode: testnet
2026-06-29 11:22:45 [INFO]: MongoDB connections — current: 12, available: 100288
2026-06-29 11:22:48 [INFO]: Starting indexer for mode: testnet
2026-06-29 11:22:48 [INFO]: Indexer finished. Mode: testnet
2026-06-29 11:23:18 [INFO]: Starting indexer for mode: testnet
2026-06-29 11:23:18 [INFO]: Indexer finished. Mode: testnet
2026-06-29 11:23:45 [INFO]: MongoDB connections — current: 11, available: 100289
2026-06-29 11:23:48 [INFO]: Starting indexer for mode: testnet
2026-06-29 11:26:39 [INFO]: Indexer finished. Mode: testnet
2026-06-29 11:27:09 [INFO]: Starting indexer for mode: testnet
2026-06-29 11:27:09 [INFO]: Indexer finished. Mode: testnet
2026-06-29 11:27:36 [INFO]: MongoDB connections — current: 12, available: 100288
2026-06-29 11:27:39 [INFO]: Starting indexer for mode: testnet
2026-06-29 11:27:39 [INFO]: Indexer finished. Mode: testnet
2026-06-29 11:28:09 [INFO]: Starting indexer for mode: testnet
2026-06-29 11:28:09 [INFO]: Indexer finished. Mode: testnet
2026-06-29 11:28:36 [INFO]: MongoDB connections — current: 12, available: 100288
2026-06-29 11:28:39 [INFO]: Starting indexer for mode: testnet
2026-06-29 11:28:39 [INFO]: Indexer finished. Mode: testnet
2026-06-29 11:29:09 [INFO]: Starting indexer for mode: testnet
2026-06-29 11:29:09 [INFO]: Indexer finished. Mode: testnet
2026-06-29 11:29:36 [INFO]: MongoDB connections — current: 12, available: 100288
2026-06-29 11:29:39 [INFO]: Starting indexer for mode: testnet
2026-06-29 11:29:39 [INFO]: Indexer finished. Mode: testnet
2026-06-29 11:30:09 [INFO]: Starting indexer for mode: testnet
2026-06-29 11:30:09 [INFO]: Indexer finished. Mode: testnet
2026-06-29 11:30:36 [INFO]: MongoDB connections — current: 12, available: 100288
2026-06-29 11:30:39 [INFO]: Starting indexer for mode: testnet
2026-06-29 11:30:39 [INFO]: Indexer finished. Mode: testnet
2026-06-29 11:31:09 [INFO]: Starting indexer for mode: testnet
2026-06-29 11:31:09 [INFO]: Indexer finished. Mode: testnet
2026-06-29 11:31:36 [INFO]: MongoDB connections — current: 12, available: 100288
2026-06-29 11:31:39 [INFO]: Starting indexer for mode: testnet
2026-06-29 11:31:39 [INFO]: Indexer finished. Mode: testnet
2026-06-29 11:32:09 [INFO]: Starting indexer for mode: testnet
2026-06-29 11:32:09 [INFO]: Indexer finished. Mode: testnet
2026-06-29 11:32:36 [INFO]: MongoDB connections — current: 12, available: 100288
2026-06-29 11:32:39 [INFO]: Starting indexer for mode: testnet
2026-06-29 11:32:39 [INFO]: Indexer finished. Mode: testnet
2026-06-29 11:33:09 [INFO]: Starting indexer for mode: testnet
2026-06-29 11:33:09 [INFO]: Indexer finished. Mode: testnet
2026-06-29 11:33:36 [INFO]: MongoDB connections — current: 11, available: 100289
2026-06-29 11:33:39 [INFO]: Starting indexer for mode: testnet
2026-06-29 11:33:39 [INFO]: Indexer finished. Mode: testnet
2026-06-29 11:34:09 [INFO]: Starting indexer for mode: testnet
2026-06-29 11:34:09 [INFO]: Indexer finished. Mode: testnet
2026-06-29 11:34:36 [INFO]: MongoDB connections — current: 12, available: 100288
2026-06-29 11:34:39 [INFO]: Starting indexer for mode: testnet
2026-06-29 11:34:39 [INFO]: Indexer finished. Mode: testnet
2026-06-29 11:35:09 [INFO]: Starting indexer for mode: testnet
2026-06-29 11:35:09 [INFO]: Indexer finished. Mode: testnet
2026-06-29 11:35:36 [INFO]: MongoDB connections — current: 12, available: 100288
2026-06-29 11:35:39 [INFO]: Starting indexer for mode: testnet
2026-06-29 11:35:39 [INFO]: Indexer finished. Mode: testnet
2026-06-29 11:36:09 [INFO]: Starting indexer for mode: testnet
2026-06-29 11:36:09 [INFO]: Indexer finished. Mode: testnet
2026-06-29 11:41:47 [INFO]: MongoDB connected
2026-06-29 11:41:47 [INFO]: Indexer scheduled for networks [testnet] every 30000ms
2026-06-29 11:41:47 [INFO]: Starting indexer for mode: testnet
2026-06-29 11:41:47 [INFO]: Indexer finished. Mode: testnet
2026-06-29 11:42:17 [INFO]: Starting indexer for mode: testnet
2026-06-29 11:42:18 [INFO]: Indexer finished. Mode: testnet
2026-06-29 11:42:47 [INFO]: MongoDB connections — current: 11, available: 100289
2026-06-29 11:42:47 [INFO]: Starting indexer for mode: testnet
2026-06-29 11:42:48 [INFO]: Indexer finished. Mode: testnet
2026-06-29 11:43:17 [INFO]: Starting indexer for mode: testnet
2026-06-29 11:43:17 [INFO]: Indexer finished. Mode: testnet
2026-06-29 11:43:47 [INFO]: MongoDB connections — current: 11, available: 100289
2026-06-29 11:43:47 [INFO]: Starting indexer for mode: testnet
2026-06-29 11:43:48 [INFO]: Indexer finished. Mode: testnet
2026-06-29 11:44:17 [INFO]: Starting indexer for mode: testnet
2026-06-29 11:44:17 [INFO]: Indexer finished. Mode: testnet
2026-06-29 11:44:47 [INFO]: MongoDB connections — current: 11, available: 100289
2026-06-29 11:44:47 [INFO]: Starting indexer for mode: testnet
2026-06-29 11:44:47 [INFO]: Indexer finished. Mode: testnet
2026-06-29 11:45:17 [INFO]: Starting indexer for mode: testnet
2026-06-29 11:45:18 [INFO]: Indexer finished. Mode: testnet
2026-06-29 11:45:47 [INFO]: MongoDB connections — current: 11, available: 100289
2026-06-29 11:45:47 [INFO]: Starting indexer for mode: testnet
2026-06-29 11:45:47 [INFO]: Indexer finished. Mode: testnet
2026-06-29 11:46:17 [INFO]: Starting indexer for mode: testnet
2026-06-29 11:46:18 [INFO]: Indexer finished. Mode: testnet
2026-06-29 11:46:47 [INFO]: MongoDB connections — current: 11, available: 100289
2026-06-29 11:46:47 [INFO]: Starting indexer for mode: testnet
2026-06-29 11:46:47 [INFO]: Indexer finished. Mode: testnet
2026-06-29 11:47:17 [INFO]: Starting indexer for mode: testnet
2026-06-29 11:47:18 [INFO]: Indexer finished. Mode: testnet
2026-06-29 11:47:47 [INFO]: MongoDB connections — current: 11, available: 100289
2026-06-29 11:47:47 [INFO]: Starting indexer for mode: testnet
2026-06-29 11:47:48 [INFO]: Indexer finished. Mode: testnet
2026-06-29 11:48:17 [INFO]: Starting indexer for mode: testnet
2026-06-29 11:48:18 [INFO]: Indexer finished. Mode: testnet
2026-06-29 11:48:47 [INFO]: MongoDB connections — current: 11, available: 100289
2026-06-29 11:48:47 [INFO]: Starting indexer for mode: testnet
2026-06-29 11:48:48 [INFO]: Indexer finished. Mode: testnet
2026-06-29 11:49:17 [INFO]: Starting indexer for mode: testnet
2026-06-29 11:49:18 [ERROR]: Indexer failed. Mode: testnet, Error: TypeError: aztecNode.getPublicLogs is not a function. (In 'aztecNode.getPublicLogs({
    fromBlock,
    toBlock
  })', 'aztecNode.getPublicLogs' is undefined)
2026-06-29 11:49:47 [INFO]: MongoDB connections — current: 14, available: 100286
2026-06-29 11:49:47 [INFO]: Starting indexer for mode: testnet
2026-06-29 11:49:48 [INFO]: Indexer finished. Mode: testnet
2026-06-29 11:50:17 [INFO]: Starting indexer for mode: testnet
2026-06-29 11:50:18 [INFO]: Indexer finished. Mode: testnet
2026-06-29 11:50:47 [INFO]: MongoDB connections — current: 14, available: 100286
2026-06-29 11:50:47 [INFO]: Starting indexer for mode: testnet
2026-06-29 11:50:48 [INFO]: Indexer finished. Mode: testnet
2026-06-29 11:51:17 [INFO]: Starting indexer for mode: testnet
2026-06-29 11:51:18 [INFO]: Indexer finished. Mode: testnet
2026-06-29 11:51:47 [INFO]: MongoDB connections — current: 14, available: 100286
2026-06-29 11:51:47 [INFO]: Starting indexer for mode: testnet
2026-06-29 11:51:48 [INFO]: Indexer finished. Mode: testnet
2026-06-29 11:52:17 [INFO]: Starting indexer for mode: testnet
2026-06-29 11:52:18 [INFO]: Indexer finished. Mode: testnet
2026-06-29 11:52:47 [INFO]: MongoDB connections — current: 14, available: 100286
2026-06-29 11:52:47 [INFO]: Starting indexer for mode: testnet
2026-06-29 11:52:48 [INFO]: Indexer finished. Mode: testnet
2026-06-29 11:53:17 [INFO]: Starting indexer for mode: testnet
2026-06-29 11:53:18 [INFO]: Indexer finished. Mode: testnet
2026-06-29 11:53:47 [INFO]: MongoDB connections — current: 14, available: 100286
2026-06-29 11:53:47 [INFO]: Starting indexer for mode: testnet
2026-06-29 11:53:48 [INFO]: Indexer finished. Mode: testnet
2026-06-29 11:54:17 [INFO]: Starting indexer for mode: testnet
2026-06-29 11:54:18 [INFO]: Indexer finished. Mode: testnet
2026-06-29 11:54:47 [INFO]: MongoDB connections — current: 14, available: 100286
2026-06-29 11:54:47 [INFO]: Starting indexer for mode: testnet
2026-06-29 11:54:48 [INFO]: Indexer finished. Mode: testnet
2026-06-29 11:55:17 [INFO]: Starting indexer for mode: testnet
2026-06-29 11:55:18 [INFO]: Indexer finished. Mode: testnet
2026-06-29 11:55:47 [INFO]: MongoDB connections — current: 14, available: 100286
2026-06-29 11:55:47 [INFO]: Starting indexer for mode: testnet
2026-06-29 11:55:48 [INFO]: Indexer finished. Mode: testnet
2026-06-29 11:56:17 [INFO]: Starting indexer for mode: testnet
2026-06-29 11:56:18 [INFO]: Indexer finished. Mode: testnet
2026-06-29 11:56:47 [INFO]: MongoDB connections — current: 14, available: 100286
2026-06-29 11:56:47 [INFO]: Starting indexer for mode: testnet
2026-06-29 11:56:48 [INFO]: Indexer finished. Mode: testnet
2026-06-29 11:57:17 [INFO]: Starting indexer for mode: testnet
2026-06-29 11:57:18 [INFO]: Indexer finished. Mode: testnet
2026-06-29 11:57:47 [INFO]: MongoDB connections — current: 14, available: 100286
2026-06-29 11:57:47 [INFO]: Starting indexer for mode: testnet
2026-06-29 11:57:48 [INFO]: Indexer finished. Mode: testnet
2026-06-29 11:58:17 [INFO]: Starting indexer for mode: testnet
2026-06-29 11:58:18 [INFO]: Indexer finished. Mode: testnet
2026-06-29 11:58:47 [INFO]: MongoDB connections — current: 14, available: 100286
2026-06-29 11:58:47 [INFO]: Starting indexer for mode: testnet
2026-06-29 11:58:48 [INFO]: Indexer finished. Mode: testnet
2026-06-29 11:59:17 [INFO]: Starting indexer for mode: testnet
2026-06-29 11:59:18 [INFO]: Indexer finished. Mode: testnet
2026-06-29 11:59:47 [INFO]: MongoDB connections — current: 14, available: 100286
2026-06-29 11:59:47 [INFO]: Starting indexer for mode: testnet
2026-06-29 11:59:48 [INFO]: Indexer finished. Mode: testnet
2026-06-29 12:00:17 [INFO]: Starting indexer for mode: testnet
2026-06-29 12:00:18 [INFO]: Indexer finished. Mode: testnet
2026-06-29 12:00:47 [INFO]: MongoDB connections — current: 14, available: 100286
2026-06-29 12:00:47 [INFO]: Starting indexer for mode: testnet
2026-06-29 12:00:48 [INFO]: Indexer finished. Mode: testnet
2026-06-29 12:01:17 [INFO]: Starting indexer for mode: testnet
2026-06-29 12:01:18 [INFO]: Indexer finished. Mode: testnet
2026-06-29 12:01:47 [INFO]: MongoDB connections — current: 14, available: 100286
2026-06-29 12:01:47 [INFO]: Starting indexer for mode: testnet
2026-06-29 12:01:48 [INFO]: Indexer finished. Mode: testnet
2026-06-29 12:02:17 [INFO]: Starting indexer for mode: testnet
2026-06-29 12:02:18 [INFO]: Indexer finished. Mode: testnet
2026-06-29 12:02:47 [INFO]: MongoDB connections — current: 14, available: 100286
2026-06-29 12:02:47 [INFO]: Starting indexer for mode: testnet
2026-06-29 12:02:48 [INFO]: Indexer finished. Mode: testnet
2026-06-29 12:03:17 [INFO]: Starting indexer for mode: testnet
2026-06-29 12:03:18 [INFO]: Indexer finished. Mode: testnet
2026-06-29 12:03:47 [INFO]: MongoDB connections — current: 14, available: 100286
2026-06-29 12:03:47 [INFO]: Starting indexer for mode: testnet
2026-06-29 12:03:48 [ERROR]: Indexer failed. Mode: testnet, Error: TypeError: aztecNode.getPublicLogs is not a function. (In 'aztecNode.getPublicLogs({
    fromBlock,
    toBlock
  })', 'aztecNode.getPublicLogs' is undefined)
2026-06-29 12:04:17 [INFO]: Starting indexer for mode: testnet
2026-06-29 12:04:18 [ERROR]: Indexer failed. Mode: testnet, Error: TypeError: aztecNode.getPublicLogs is not a function. (In 'aztecNode.getPublicLogs({
    fromBlock,
    toBlock
  })', 'aztecNode.getPublicLogs' is undefined)
2026-06-29 12:04:47 [INFO]: MongoDB connections — current: 14, available: 100286
2026-06-29 12:04:47 [INFO]: Starting indexer for mode: testnet
2026-06-29 12:04:48 [ERROR]: Indexer failed. Mode: testnet, Error: TypeError: aztecNode.getPublicLogs is not a function. (In 'aztecNode.getPublicLogs({
    fromBlock,
    toBlock
  })', 'aztecNode.getPublicLogs' is undefined)
2026-06-29 12:05:17 [INFO]: Starting indexer for mode: testnet
2026-06-29 12:05:18 [ERROR]: Indexer failed. Mode: testnet, Error: TypeError: aztecNode.getPublicLogs is not a function. (In 'aztecNode.getPublicLogs({
    fromBlock,
    toBlock
  })', 'aztecNode.getPublicLogs' is undefined)
2026-06-29 12:05:47 [INFO]: MongoDB connections — current: 14, available: 100286
2026-06-29 12:05:47 [INFO]: Starting indexer for mode: testnet
2026-06-29 12:05:48 [ERROR]: Indexer failed. Mode: testnet, Error: TypeError: aztecNode.getPublicLogs is not a function. (In 'aztecNode.getPublicLogs({
    fromBlock,
    toBlock
  })', 'aztecNode.getPublicLogs' is undefined)
2026-06-29 12:06:17 [INFO]: Starting indexer for mode: testnet
2026-06-29 12:06:18 [ERROR]: Indexer failed. Mode: testnet, Error: TypeError: aztecNode.getPublicLogs is not a function. (In 'aztecNode.getPublicLogs({
    fromBlock,
    toBlock
  })', 'aztecNode.getPublicLogs' is undefined)
2026-06-29 12:06:47 [INFO]: MongoDB connections — current: 14, available: 100286
2026-06-29 12:06:47 [INFO]: Starting indexer for mode: testnet
2026-06-29 12:06:48 [ERROR]: Indexer failed. Mode: testnet, Error: TypeError: aztecNode.getPublicLogs is not a function. (In 'aztecNode.getPublicLogs({
    fromBlock,
    toBlock
  })', 'aztecNode.getPublicLogs' is undefined)
2026-06-29 12:07:17 [INFO]: Starting indexer for mode: testnet
2026-06-29 12:07:18 [ERROR]: Indexer failed. Mode: testnet, Error: TypeError: aztecNode.getPublicLogs is not a function. (In 'aztecNode.getPublicLogs({
    fromBlock,
    toBlock
  })', 'aztecNode.getPublicLogs' is undefined)
2026-06-29 12:07:47 [INFO]: MongoDB connections — current: 14, available: 100286
2026-06-29 12:07:47 [INFO]: Starting indexer for mode: testnet
2026-06-29 12:07:48 [ERROR]: Indexer failed. Mode: testnet, Error: TypeError: aztecNode.getPublicLogs is not a function. (In 'aztecNode.getPublicLogs({
    fromBlock,
    toBlock
  })', 'aztecNode.getPublicLogs' is undefined)
2026-06-29 12:08:17 [INFO]: Starting indexer for mode: testnet
2026-06-29 12:08:18 [ERROR]: Indexer failed. Mode: testnet, Error: TypeError: aztecNode.getPublicLogs is not a function. (In 'aztecNode.getPublicLogs({
    fromBlock,
    toBlock
  })', 'aztecNode.getPublicLogs' is undefined)
2026-06-29 12:08:47 [INFO]: MongoDB connections — current: 14, available: 100286
2026-06-29 12:08:47 [INFO]: Starting indexer for mode: testnet
2026-06-29 12:08:48 [ERROR]: Indexer failed. Mode: testnet, Error: TypeError: aztecNode.getPublicLogs is not a function. (In 'aztecNode.getPublicLogs({
    fromBlock,
    toBlock
  })', 'aztecNode.getPublicLogs' is undefined)
2026-06-29 12:09:17 [INFO]: Starting indexer for mode: testnet
2026-06-29 12:09:18 [ERROR]: Indexer failed. Mode: testnet, Error: TypeError: aztecNode.getPublicLogs is not a function. (In 'aztecNode.getPublicLogs({
    fromBlock,
    toBlock
  })', 'aztecNode.getPublicLogs' is undefined)
2026-06-29 12:09:47 [INFO]: MongoDB connections — current: 14, available: 100286
2026-06-29 12:09:47 [INFO]: Starting indexer for mode: testnet
2026-06-29 12:09:48 [ERROR]: Indexer failed. Mode: testnet, Error: TypeError: aztecNode.getPublicLogs is not a function. (In 'aztecNode.getPublicLogs({
    fromBlock,
    toBlock
  })', 'aztecNode.getPublicLogs' is undefined)
2026-06-29 12:10:17 [INFO]: Starting indexer for mode: testnet
2026-06-29 12:10:18 [ERROR]: Indexer failed. Mode: testnet, Error: TypeError: aztecNode.getPublicLogs is not a function. (In 'aztecNode.getPublicLogs({
    fromBlock,
    toBlock
  })', 'aztecNode.getPublicLogs' is undefined)
2026-06-29 12:10:47 [INFO]: MongoDB connections — current: 13, available: 100287
2026-06-29 12:10:47 [INFO]: Starting indexer for mode: testnet
2026-06-29 12:10:51 [ERROR]: Indexer failed. Mode: testnet, Error: TypeError: aztecNode.getPublicLogs is not a function. (In 'aztecNode.getPublicLogs({
    fromBlock,
    toBlock
  })', 'aztecNode.getPublicLogs' is undefined)
2026-06-29 12:16:12 [INFO]: Starting indexer for mode: testnet
2026-06-29 12:16:12 [ERROR]: Indexer failed. Mode: testnet, Error: TypeError: aztecNode.getPublicLogs is not a function. (In 'aztecNode.getPublicLogs({
    fromBlock,
    toBlock
  })', 'aztecNode.getPublicLogs' is undefined)
2026-06-29 12:16:41 [INFO]: MongoDB connections — current: 11, available: 100289
2026-06-29 12:16:42 [INFO]: Starting indexer for mode: testnet
2026-06-29 12:16:42 [ERROR]: Indexer failed. Mode: testnet, Error: TypeError: aztecNode.getPublicLogs is not a function. (In 'aztecNode.getPublicLogs({
    fromBlock,
    toBlock
  })', 'aztecNode.getPublicLogs' is undefined)
2026-06-29 12:17:12 [INFO]: Starting indexer for mode: testnet
2026-06-29 12:17:12 [ERROR]: Indexer failed. Mode: testnet, Error: TypeError: aztecNode.getPublicLogs is not a function. (In 'aztecNode.getPublicLogs({
    fromBlock,
    toBlock
  })', 'aztecNode.getPublicLogs' is undefined)
2026-06-29 12:17:41 [INFO]: MongoDB connections — current: 11, available: 100289
2026-06-29 12:17:42 [INFO]: Starting indexer for mode: testnet
2026-06-29 12:17:42 [ERROR]: Indexer failed. Mode: testnet, Error: TypeError: aztecNode.getPublicLogs is not a function. (In 'aztecNode.getPublicLogs({
    fromBlock,
    toBlock
  })', 'aztecNode.getPublicLogs' is undefined)
2026-06-29 12:18:12 [INFO]: Starting indexer for mode: testnet
2026-06-29 12:18:12 [ERROR]: Indexer failed. Mode: testnet, Error: TypeError: aztecNode.getPublicLogs is not a function. (In 'aztecNode.getPublicLogs({
    fromBlock,
    toBlock
  })', 'aztecNode.getPublicLogs' is undefined)
2026-06-29 12:18:41 [INFO]: MongoDB connections — current: 17, available: 100283
2026-06-29 12:18:42 [INFO]: Starting indexer for mode: testnet
2026-06-29 12:18:42 [ERROR]: Indexer failed. Mode: testnet, Error: TypeError: aztecNode.getPublicLogs is not a function. (In 'aztecNode.getPublicLogs({
    fromBlock,
    toBlock
  })', 'aztecNode.getPublicLogs' is undefined)
2026-06-29 12:19:12 [INFO]: Starting indexer for mode: testnet
2026-06-29 12:19:12 [ERROR]: Indexer failed. Mode: testnet, Error: TypeError: aztecNode.getPublicLogs is not a function. (In 'aztecNode.getPublicLogs({
    fromBlock,
    toBlock
  })', 'aztecNode.getPublicLogs' is undefined)
2026-06-29 12:19:41 [INFO]: MongoDB connections — current: 21, available: 100279
2026-06-29 12:19:42 [INFO]: Starting indexer for mode: testnet
2026-06-29 12:19:42 [ERROR]: Indexer failed. Mode: testnet, Error: TypeError: aztecNode.getPublicLogs is not a function. (In 'aztecNode.getPublicLogs({
    fromBlock,
    toBlock
  })', 'aztecNode.getPublicLogs' is undefined)
2026-06-29 12:20:12 [INFO]: Starting indexer for mode: testnet
2026-06-29 12:20:12 [ERROR]: Indexer failed. Mode: testnet, Error: TypeError: aztecNode.getPublicLogs is not a function. (In 'aztecNode.getPublicLogs({
    fromBlock,
    toBlock
  })', 'aztecNode.getPublicLogs' is undefined)
2026-06-29 12:20:41 [INFO]: MongoDB connections — current: 21, available: 100279
2026-06-29 12:20:42 [INFO]: Starting indexer for mode: testnet
2026-06-29 12:20:42 [ERROR]: Indexer failed. Mode: testnet, Error: TypeError: aztecNode.getPublicLogs is not a function. (In 'aztecNode.getPublicLogs({
    fromBlock,
    toBlock
  })', 'aztecNode.getPublicLogs' is undefined)
2026-06-29 12:21:12 [INFO]: Starting indexer for mode: testnet
2026-06-29 12:21:12 [ERROR]: Indexer failed. Mode: testnet, Error: TypeError: aztecNode.getPublicLogs is not a function. (In 'aztecNode.getPublicLogs({
    fromBlock,
    toBlock
  })', 'aztecNode.getPublicLogs' is undefined)
2026-06-29 12:21:41 [INFO]: MongoDB connections — current: 21, available: 100279
2026-06-29 12:21:42 [INFO]: Starting indexer for mode: testnet
2026-06-29 12:21:42 [ERROR]: Indexer failed. Mode: testnet, Error: TypeError: aztecNode.getPublicLogs is not a function. (In 'aztecNode.getPublicLogs({
    fromBlock,
    toBlock
  })', 'aztecNode.getPublicLogs' is undefined)
2026-06-29 12:22:12 [INFO]: Starting indexer for mode: testnet
2026-06-29 12:22:12 [ERROR]: Indexer failed. Mode: testnet, Error: TypeError: aztecNode.getPublicLogs is not a function. (In 'aztecNode.getPublicLogs({
    fromBlock,
    toBlock
  })', 'aztecNode.getPublicLogs' is undefined)
2026-06-29 12:22:41 [INFO]: MongoDB connections — current: 21, available: 100279
2026-06-29 12:22:42 [INFO]: Starting indexer for mode: testnet
2026-06-29 12:22:42 [ERROR]: Indexer failed. Mode: testnet, Error: TypeError: aztecNode.getPublicLogs is not a function. (In 'aztecNode.getPublicLogs({
    fromBlock,
    toBlock
  })', 'aztecNode.getPublicLogs' is undefined)
2026-06-29 12:23:12 [INFO]: Starting indexer for mode: testnet
2026-06-29 12:23:12 [ERROR]: Indexer failed. Mode: testnet, Error: TypeError: aztecNode.getPublicLogs is not a function. (In 'aztecNode.getPublicLogs({
    fromBlock,
    toBlock
  })', 'aztecNode.getPublicLogs' is undefined)
2026-06-29 12:23:41 [INFO]: MongoDB connections — current: 21, available: 100279
2026-06-29 12:23:42 [INFO]: Starting indexer for mode: testnet
2026-06-29 12:23:42 [ERROR]: Indexer failed. Mode: testnet, Error: TypeError: aztecNode.getPublicLogs is not a function. (In 'aztecNode.getPublicLogs({
    fromBlock,
    toBlock
  })', 'aztecNode.getPublicLogs' is undefined)
2026-06-29 12:24:12 [INFO]: Starting indexer for mode: testnet
2026-06-29 12:24:12 [ERROR]: Indexer failed. Mode: testnet, Error: TypeError: aztecNode.getPublicLogs is not a function. (In 'aztecNode.getPublicLogs({
    fromBlock,
    toBlock
  })', 'aztecNode.getPublicLogs' is undefined)
2026-06-29 12:24:41 [INFO]: MongoDB connections — current: 21, available: 100279
2026-06-29 12:24:42 [INFO]: Starting indexer for mode: testnet
2026-06-29 12:24:42 [ERROR]: Indexer failed. Mode: testnet, Error: TypeError: aztecNode.getPublicLogs is not a function. (In 'aztecNode.getPublicLogs({
    fromBlock,
    toBlock
  })', 'aztecNode.getPublicLogs' is undefined)
2026-06-29 12:25:12 [INFO]: Starting indexer for mode: testnet
2026-06-29 12:25:12 [ERROR]: Indexer failed. Mode: testnet, Error: TypeError: aztecNode.getPublicLogs is not a function. (In 'aztecNode.getPublicLogs({
    fromBlock,
    toBlock
  })', 'aztecNode.getPublicLogs' is undefined)
2026-06-29 12:25:41 [INFO]: MongoDB connections — current: 21, available: 100279
2026-06-29 12:25:42 [INFO]: Starting indexer for mode: testnet
2026-06-29 12:25:42 [ERROR]: Indexer failed. Mode: testnet, Error: TypeError: aztecNode.getPublicLogs is not a function. (In 'aztecNode.getPublicLogs({
    fromBlock,
    toBlock
  })', 'aztecNode.getPublicLogs' is undefined)
2026-06-29 12:26:12 [INFO]: Starting indexer for mode: testnet
2026-06-29 12:26:12 [ERROR]: Indexer failed. Mode: testnet, Error: TypeError: aztecNode.getPublicLogs is not a function. (In 'aztecNode.getPublicLogs({
    fromBlock,
    toBlock
  })', 'aztecNode.getPublicLogs' is undefined)
2026-06-29 12:26:41 [INFO]: MongoDB connections — current: 21, available: 100279
2026-06-29 12:26:42 [INFO]: Starting indexer for mode: testnet
2026-06-29 12:26:42 [ERROR]: Indexer failed. Mode: testnet, Error: TypeError: aztecNode.getPublicLogs is not a function. (In 'aztecNode.getPublicLogs({
    fromBlock,
    toBlock
  })', 'aztecNode.getPublicLogs' is undefined)
2026-06-29 12:27:12 [INFO]: Starting indexer for mode: testnet
2026-06-29 12:27:12 [ERROR]: Indexer failed. Mode: testnet, Error: TypeError: aztecNode.getPublicLogs is not a function. (In 'aztecNode.getPublicLogs({
    fromBlock,
    toBlock
  })', 'aztecNode.getPublicLogs' is undefined)
2026-06-29 12:27:41 [INFO]: MongoDB connections — current: 21, available: 100279
2026-06-29 12:27:42 [INFO]: Starting indexer for mode: testnet
2026-06-29 12:27:42 [ERROR]: Indexer failed. Mode: testnet, Error: TypeError: aztecNode.getPublicLogs is not a function. (In 'aztecNode.getPublicLogs({
    fromBlock,
    toBlock
  })', 'aztecNode.getPublicLogs' is undefined)
2026-06-29 12:28:12 [INFO]: Starting indexer for mode: testnet
2026-06-29 12:28:12 [ERROR]: Indexer failed. Mode: testnet, Error: TypeError: aztecNode.getPublicLogs is not a function. (In 'aztecNode.getPublicLogs({
    fromBlock,
    toBlock
  })', 'aztecNode.getPublicLogs' is undefined)
2026-06-29 12:28:41 [INFO]: MongoDB connections — current: 21, available: 100279
2026-06-29 12:28:42 [INFO]: Starting indexer for mode: testnet
2026-06-29 12:28:42 [ERROR]: Indexer failed. Mode: testnet, Error: TypeError: aztecNode.getPublicLogs is not a function. (In 'aztecNode.getPublicLogs({
    fromBlock,
    toBlock
  })', 'aztecNode.getPublicLogs' is undefined)
2026-06-29 12:29:12 [INFO]: Starting indexer for mode: testnet
2026-06-29 12:29:12 [ERROR]: Indexer failed. Mode: testnet, Error: TypeError: aztecNode.getPublicLogs is not a function. (In 'aztecNode.getPublicLogs({
    fromBlock,
    toBlock
  })', 'aztecNode.getPublicLogs' is undefined)
2026-06-29 12:29:41 [INFO]: MongoDB connections — current: 21, available: 100279
2026-06-29 12:29:42 [INFO]: Starting indexer for mode: testnet
2026-06-29 12:29:42 [ERROR]: Indexer failed. Mode: testnet, Error: TypeError: aztecNode.getPublicLogs is not a function. (In 'aztecNode.getPublicLogs({
    fromBlock,
    toBlock
  })', 'aztecNode.getPublicLogs' is undefined)
2026-06-29 12:30:12 [INFO]: Starting indexer for mode: testnet
2026-06-29 12:30:12 [ERROR]: Indexer failed. Mode: testnet, Error: TypeError: aztecNode.getPublicLogs is not a function. (In 'aztecNode.getPublicLogs({
    fromBlock,
    toBlock
  })', 'aztecNode.getPublicLogs' is undefined)
2026-06-29 12:30:41 [INFO]: MongoDB connections — current: 21, available: 100279
2026-06-29 12:30:42 [INFO]: Starting indexer for mode: testnet
2026-06-29 12:30:42 [ERROR]: Indexer failed. Mode: testnet, Error: TypeError: aztecNode.getPublicLogs is not a function. (In 'aztecNode.getPublicLogs({
    fromBlock,
    toBlock
  })', 'aztecNode.getPublicLogs' is undefined)
2026-06-29 12:31:12 [INFO]: Starting indexer for mode: testnet
2026-06-29 12:31:12 [ERROR]: Indexer failed. Mode: testnet, Error: TypeError: aztecNode.getPublicLogs is not a function. (In 'aztecNode.getPublicLogs({
    fromBlock,
    toBlock
  })', 'aztecNode.getPublicLogs' is undefined)
2026-06-29 12:31:41 [INFO]: MongoDB connections — current: 21, available: 100279
2026-06-29 12:31:42 [INFO]: Starting indexer for mode: testnet
2026-06-29 12:31:42 [ERROR]: Indexer failed. Mode: testnet, Error: TypeError: aztecNode.getPublicLogs is not a function. (In 'aztecNode.getPublicLogs({
    fromBlock,
    toBlock
  })', 'aztecNode.getPublicLogs' is undefined)
2026-06-29 12:32:12 [INFO]: Starting indexer for mode: testnet
2026-06-29 12:32:12 [ERROR]: Indexer failed. Mode: testnet, Error: TypeError: aztecNode.getPublicLogs is not a function. (In 'aztecNode.getPublicLogs({
    fromBlock,
    toBlock
  })', 'aztecNode.getPublicLogs' is undefined)
2026-06-29 12:32:41 [INFO]: MongoDB connections — current: 21, available: 100279
2026-06-29 12:32:42 [INFO]: Starting indexer for mode: testnet
2026-06-29 12:32:42 [ERROR]: Indexer failed. Mode: testnet, Error: TypeError: aztecNode.getPublicLogs is not a function. (In 'aztecNode.getPublicLogs({
    fromBlock,
    toBlock
  })', 'aztecNode.getPublicLogs' is undefined)
2026-06-29 12:33:12 [INFO]: Starting indexer for mode: testnet
2026-06-29 12:33:12 [ERROR]: Indexer failed. Mode: testnet, Error: TypeError: aztecNode.getPublicLogs is not a function. (In 'aztecNode.getPublicLogs({
    fromBlock,
    toBlock
  })', 'aztecNode.getPublicLogs' is undefined)
2026-06-29 12:33:41 [INFO]: MongoDB connections — current: 20, available: 100280
2026-06-29 12:33:42 [INFO]: Starting indexer for mode: testnet
2026-06-29 12:33:42 [ERROR]: Indexer failed. Mode: testnet, Error: TypeError: aztecNode.getPublicLogs is not a function. (In 'aztecNode.getPublicLogs({
    fromBlock,
    toBlock
  })', 'aztecNode.getPublicLogs' is undefined)
2026-06-29 12:34:12 [INFO]: Starting indexer for mode: testnet
2026-06-29 12:34:12 [ERROR]: Indexer failed. Mode: testnet, Error: TypeError: aztecNode.getPublicLogs is not a function. (In 'aztecNode.getPublicLogs({
    fromBlock,
    toBlock
  })', 'aztecNode.getPublicLogs' is undefined)
2026-06-29 12:34:41 [INFO]: MongoDB connections — current: 21, available: 100279
2026-06-29 12:34:42 [INFO]: Starting indexer for mode: testnet
2026-06-29 12:34:42 [ERROR]: Indexer failed. Mode: testnet, Error: TypeError: aztecNode.getPublicLogs is not a function. (In 'aztecNode.getPublicLogs({
    fromBlock,
    toBlock
  })', 'aztecNode.getPublicLogs' is undefined)
2026-06-29 12:35:12 [INFO]: Starting indexer for mode: testnet
2026-06-29 12:35:12 [ERROR]: Indexer failed. Mode: testnet, Error: TypeError: aztecNode.getPublicLogs is not a function. (In 'aztecNode.getPublicLogs({
    fromBlock,
    toBlock
  })', 'aztecNode.getPublicLogs' is undefined)
2026-06-29 12:35:41 [INFO]: MongoDB connections — current: 21, available: 100279
2026-06-29 12:35:42 [INFO]: Starting indexer for mode: testnet
2026-06-29 12:35:42 [ERROR]: Indexer failed. Mode: testnet, Error: TypeError: aztecNode.getPublicLogs is not a function. (In 'aztecNode.getPublicLogs({
    fromBlock,
    toBlock
  })', 'aztecNode.getPublicLogs' is undefined)
2026-06-29 12:36:12 [INFO]: Starting indexer for mode: testnet
2026-06-29 12:36:12 [ERROR]: Indexer failed. Mode: testnet, Error: TypeError: aztecNode.getPublicLogs is not a function. (In 'aztecNode.getPublicLogs({
    fromBlock,
    toBlock
  })', 'aztecNode.getPublicLogs' is undefined)
2026-06-29 12:36:41 [INFO]: MongoDB connections — current: 21, available: 100279
2026-06-29 12:36:42 [INFO]: Starting indexer for mode: testnet
2026-06-29 12:36:42 [ERROR]: Indexer failed. Mode: testnet, Error: TypeError: aztecNode.getPublicLogs is not a function. (In 'aztecNode.getPublicLogs({
    fromBlock,
    toBlock
  })', 'aztecNode.getPublicLogs' is undefined)
2026-06-29 12:37:12 [INFO]: Starting indexer for mode: testnet
2026-06-29 12:37:12 [ERROR]: Indexer failed. Mode: testnet, Error: TypeError: aztecNode.getPublicLogs is not a function. (In 'aztecNode.getPublicLogs({
    fromBlock,
    toBlock
  })', 'aztecNode.getPublicLogs' is undefined)
2026-06-29 12:37:41 [INFO]: MongoDB connections — current: 21, available: 100279
2026-06-29 12:37:42 [INFO]: Starting indexer for mode: testnet
2026-06-29 12:37:42 [ERROR]: Indexer failed. Mode: testnet, Error: TypeError: aztecNode.getPublicLogs is not a function. (In 'aztecNode.getPublicLogs({
    fromBlock,
    toBlock
  })', 'aztecNode.getPublicLogs' is undefined)
2026-06-29 12:38:12 [INFO]: Starting indexer for mode: testnet
2026-06-29 12:38:12 [ERROR]: Indexer failed. Mode: testnet, Error: TypeError: aztecNode.getPublicLogs is not a function. (In 'aztecNode.getPublicLogs({
    fromBlock,
    toBlock
  })', 'aztecNode.getPublicLogs' is undefined)
2026-06-29 12:38:41 [INFO]: MongoDB connections — current: 21, available: 100279
2026-06-29 12:38:42 [INFO]: Starting indexer for mode: testnet
2026-06-29 12:38:42 [ERROR]: Indexer failed. Mode: testnet, Error: TypeError: aztecNode.getPublicLogs is not a function. (In 'aztecNode.getPublicLogs({
    fromBlock,
    toBlock
  })', 'aztecNode.getPublicLogs' is undefined)
2026-06-29 12:39:12 [INFO]: Starting indexer for mode: testnet
2026-06-29 12:39:12 [ERROR]: Indexer failed. Mode: testnet, Error: TypeError: aztecNode.getPublicLogs is not a function. (In 'aztecNode.getPublicLogs({
    fromBlock,
    toBlock
  })', 'aztecNode.getPublicLogs' is undefined)
2026-06-29 12:39:41 [INFO]: MongoDB connections — current: 21, available: 100279
2026-06-29 12:39:42 [INFO]: Starting indexer for mode: testnet
2026-06-29 12:39:42 [ERROR]: Indexer failed. Mode: testnet, Error: TypeError: aztecNode.getPublicLogs is not a function. (In 'aztecNode.getPublicLogs({
    fromBlock,
    toBlock
  })', 'aztecNode.getPublicLogs' is undefined)
2026-06-29 12:39:48 [INFO]: MongoDB connected
2026-06-29 12:39:48 [INFO]: Indexer scheduled for networks [sandbox] every 30000ms
2026-06-29 12:39:48 [INFO]: Starting indexer for mode: sandbox
2026-06-29 12:39:49 [INFO]: Indexer finished. Mode: sandbox
2026-06-29 12:40:19 [INFO]: Starting indexer for mode: sandbox
2026-06-29 12:40:19 [INFO]: Indexer finished. Mode: sandbox
2026-06-29 12:40:48 [INFO]: MongoDB connections — current: 21, available: 100279
2026-06-29 12:40:49 [INFO]: Starting indexer for mode: sandbox
2026-06-29 12:40:49 [INFO]: Indexer finished. Mode: sandbox
2026-06-29 12:41:19 [INFO]: Starting indexer for mode: sandbox
2026-06-29 12:41:19 [INFO]: Indexer finished. Mode: sandbox
2026-06-29 12:41:48 [INFO]: MongoDB connections — current: 21, available: 100279
2026-06-29 12:41:49 [INFO]: Starting indexer for mode: sandbox
2026-06-29 12:41:49 [INFO]: Indexer finished. Mode: sandbox
2026-06-29 12:42:19 [INFO]: Starting indexer for mode: sandbox
2026-06-29 12:42:19 [INFO]: Indexer finished. Mode: sandbox
2026-06-29 12:42:48 [INFO]: MongoDB connections — current: 21, available: 100279
2026-06-29 12:42:49 [INFO]: Starting indexer for mode: sandbox
2026-06-29 12:42:49 [INFO]: Indexer finished. Mode: sandbox
2026-06-29 12:43:19 [INFO]: Starting indexer for mode: sandbox
2026-06-29 12:43:19 [INFO]: Indexer finished. Mode: sandbox
2026-06-29 12:43:48 [INFO]: MongoDB connections — current: 21, available: 100279
2026-06-29 12:43:49 [INFO]: Starting indexer for mode: sandbox
2026-06-29 12:43:49 [INFO]: Indexer finished. Mode: sandbox
2026-06-29 12:44:19 [INFO]: Starting indexer for mode: sandbox
2026-06-29 12:44:19 [INFO]: Indexer finished. Mode: sandbox
2026-06-29 12:44:48 [INFO]: MongoDB connections — current: 21, available: 100279
2026-06-29 12:44:49 [INFO]: Starting indexer for mode: sandbox
2026-06-29 12:44:49 [INFO]: Indexer finished. Mode: sandbox
2026-06-29 12:45:19 [INFO]: Starting indexer for mode: sandbox
2026-06-29 12:45:19 [INFO]: Indexer finished. Mode: sandbox
2026-06-29 12:45:48 [INFO]: MongoDB connections — current: 21, available: 100279
2026-06-29 12:45:49 [INFO]: Starting indexer for mode: sandbox
2026-06-29 12:45:49 [INFO]: Indexer finished. Mode: sandbox
2026-06-29 12:46:19 [INFO]: Starting indexer for mode: sandbox
2026-06-29 12:46:19 [INFO]: Indexer finished. Mode: sandbox
2026-06-29 12:46:48 [INFO]: MongoDB connections — current: 21, available: 100279
2026-06-29 12:46:49 [INFO]: Starting indexer for mode: sandbox
2026-06-29 12:46:49 [INFO]: Indexer finished. Mode: sandbox
2026-06-29 12:47:19 [INFO]: Starting indexer for mode: sandbox
2026-06-29 12:47:19 [INFO]: Indexer finished. Mode: sandbox
2026-06-29 12:47:48 [INFO]: MongoDB connections — current: 21, available: 100279
2026-06-29 12:47:49 [INFO]: Starting indexer for mode: sandbox
2026-06-29 12:47:49 [INFO]: Indexer finished. Mode: sandbox
2026-06-29 12:48:19 [INFO]: Starting indexer for mode: sandbox
2026-06-29 12:48:19 [INFO]: Indexer finished. Mode: sandbox
2026-06-29 12:48:48 [INFO]: MongoDB connections — current: 21, available: 100279
2026-06-29 12:48:49 [INFO]: Starting indexer for mode: sandbox
2026-06-29 12:48:49 [INFO]: Indexer finished. Mode: sandbox
2026-06-29 12:49:19 [INFO]: Starting indexer for mode: sandbox
2026-06-29 12:49:19 [INFO]: Indexer finished. Mode: sandbox
2026-06-29 12:49:48 [INFO]: MongoDB connections — current: 21, available: 100279
2026-06-29 12:49:49 [INFO]: Starting indexer for mode: sandbox
2026-06-29 12:49:49 [INFO]: Indexer finished. Mode: sandbox
2026-06-29 12:50:19 [INFO]: Starting indexer for mode: sandbox
2026-06-29 12:50:19 [INFO]: Indexer finished. Mode: sandbox
2026-06-29 12:50:48 [INFO]: MongoDB connections — current: 21, available: 100279
2026-06-29 12:50:49 [INFO]: Starting indexer for mode: sandbox
2026-06-29 12:50:49 [INFO]: Indexer finished. Mode: sandbox
2026-06-29 12:51:19 [INFO]: Starting indexer for mode: sandbox
2026-06-29 12:51:19 [INFO]: Indexer finished. Mode: sandbox
2026-06-29 12:51:48 [INFO]: MongoDB connections — current: 21, available: 100279
2026-06-29 12:51:49 [INFO]: Starting indexer for mode: sandbox
2026-06-29 12:51:49 [INFO]: Indexer finished. Mode: sandbox
2026-06-29 12:52:19 [INFO]: Starting indexer for mode: sandbox
2026-06-29 12:52:19 [INFO]: Indexer finished. Mode: sandbox
2026-06-29 12:52:48 [INFO]: MongoDB connections — current: 21, available: 100279
2026-06-29 12:52:49 [INFO]: Starting indexer for mode: sandbox
2026-06-29 12:52:49 [INFO]: Indexer finished. Mode: sandbox
2026-06-29 12:53:19 [INFO]: Starting indexer for mode: sandbox
2026-06-29 12:53:19 [INFO]: Indexer finished. Mode: sandbox
2026-06-29 12:53:48 [INFO]: MongoDB connections — current: 21, available: 100279
2026-06-29 12:53:49 [INFO]: Starting indexer for mode: sandbox
2026-06-29 12:53:49 [INFO]: Indexer finished. Mode: sandbox
2026-06-29 12:54:19 [INFO]: Starting indexer for mode: sandbox
2026-06-29 12:54:19 [INFO]: Indexer finished. Mode: sandbox
2026-06-29 12:54:48 [INFO]: MongoDB connections — current: 21, available: 100279
2026-06-29 12:54:49 [INFO]: Starting indexer for mode: sandbox
2026-06-29 12:54:49 [INFO]: Indexer finished. Mode: sandbox
2026-06-29 12:55:19 [INFO]: Starting indexer for mode: sandbox
2026-06-29 12:55:19 [INFO]: Indexer finished. Mode: sandbox
2026-06-29 12:55:48 [INFO]: MongoDB connections — current: 21, available: 100279
2026-06-29 12:55:49 [INFO]: Starting indexer for mode: sandbox
2026-06-29 12:55:49 [INFO]: Indexer finished. Mode: sandbox
2026-06-29 12:56:19 [INFO]: Starting indexer for mode: sandbox
2026-06-29 12:56:19 [INFO]: Indexer finished. Mode: sandbox
2026-06-29 12:56:48 [INFO]: MongoDB connections — current: 21, available: 100279
2026-06-29 12:56:49 [INFO]: Starting indexer for mode: sandbox
2026-06-29 12:56:49 [INFO]: Indexer finished. Mode: sandbox
2026-06-29 12:57:19 [INFO]: Starting indexer for mode: sandbox
2026-06-29 12:57:19 [INFO]: Indexer finished. Mode: sandbox
2026-06-29 12:57:48 [INFO]: MongoDB connections — current: 22, available: 100278
2026-06-29 12:57:49 [INFO]: Starting indexer for mode: sandbox
2026-06-29 12:57:49 [INFO]: Indexer finished. Mode: sandbox
2026-06-29 12:58:19 [INFO]: Starting indexer for mode: sandbox
2026-06-29 12:58:19 [INFO]: Indexer finished. Mode: sandbox
2026-06-29 12:58:48 [INFO]: MongoDB connections — current: 21, available: 100279
2026-06-29 12:58:49 [INFO]: Starting indexer for mode: sandbox
2026-06-29 12:58:49 [INFO]: Indexer finished. Mode: sandbox
2026-06-29 12:59:19 [INFO]: Starting indexer for mode: sandbox
2026-06-29 12:59:19 [INFO]: Indexer finished. Mode: sandbox
2026-06-29 12:59:48 [INFO]: MongoDB connections — current: 22, available: 100278
2026-06-29 12:59:49 [INFO]: Starting indexer for mode: sandbox
2026-06-29 12:59:49 [INFO]: Indexer finished. Mode: sandbox
2026-06-29 13:00:19 [INFO]: Starting indexer for mode: sandbox
2026-06-29 13:00:19 [INFO]: Indexer finished. Mode: sandbox
2026-06-29 13:00:48 [INFO]: MongoDB connections — current: 21, available: 100279
2026-06-29 13:00:49 [INFO]: Starting indexer for mode: sandbox
2026-06-29 13:00:49 [INFO]: Indexer finished. Mode: sandbox
2026-06-29 13:01:19 [INFO]: Starting indexer for mode: sandbox
2026-06-29 13:01:19 [INFO]: Indexer finished. Mode: sandbox
2026-06-29 13:01:48 [INFO]: MongoDB connections — current: 21, available: 100279
2026-06-29 13:01:49 [INFO]: Starting indexer for mode: sandbox
2026-06-29 13:01:49 [INFO]: Indexer finished. Mode: sandbox
2026-06-29 13:02:19 [INFO]: Starting indexer for mode: sandbox
2026-06-29 13:02:19 [INFO]: Indexer finished. Mode: sandbox
2026-06-29 13:02:48 [INFO]: MongoDB connections — current: 22, available: 100278
2026-06-29 13:02:49 [INFO]: Starting indexer for mode: sandbox
2026-06-29 13:02:49 [INFO]: Indexer finished. Mode: sandbox
2026-06-29 13:03:19 [INFO]: Starting indexer for mode: sandbox
2026-06-29 13:03:19 [INFO]: Indexer finished. Mode: sandbox
2026-06-29 13:03:48 [INFO]: MongoDB connections — current: 21, available: 100279
2026-06-29 13:03:49 [INFO]: Starting indexer for mode: sandbox
2026-06-29 13:03:49 [INFO]: Indexer finished. Mode: sandbox
2026-06-29 13:04:19 [INFO]: Starting indexer for mode: sandbox
2026-06-29 13:04:19 [INFO]: Indexer finished. Mode: sandbox
2026-06-29 13:04:48 [INFO]: MongoDB connections — current: 22, available: 100278
2026-06-29 13:04:49 [INFO]: Starting indexer for mode: sandbox
2026-06-29 13:04:49 [INFO]: Indexer finished. Mode: sandbox
2026-06-29 13:05:19 [INFO]: Starting indexer for mode: sandbox
2026-06-29 13:05:19 [INFO]: Indexer finished. Mode: sandbox
2026-06-29 13:05:48 [INFO]: MongoDB connections — current: 21, available: 100279
2026-06-29 13:05:49 [INFO]: Starting indexer for mode: sandbox
2026-06-29 13:05:49 [INFO]: Indexer finished. Mode: sandbox
2026-06-29 13:06:19 [INFO]: Starting indexer for mode: sandbox
2026-06-29 13:06:19 [INFO]: Indexer finished. Mode: sandbox
2026-06-29 13:06:48 [INFO]: MongoDB connections — current: 22, available: 100278
2026-06-29 13:06:49 [INFO]: Starting indexer for mode: sandbox
2026-06-29 13:06:49 [INFO]: Indexer finished. Mode: sandbox
2026-06-29 13:07:19 [INFO]: Starting indexer for mode: sandbox
2026-06-29 13:07:19 [INFO]: Indexer finished. Mode: sandbox
2026-06-29 13:07:48 [INFO]: MongoDB connections — current: 21, available: 100279
2026-06-29 13:07:49 [INFO]: Starting indexer for mode: sandbox
2026-06-29 13:07:49 [INFO]: Indexer finished. Mode: sandbox
2026-06-29 13:08:19 [INFO]: Starting indexer for mode: sandbox
2026-06-29 13:08:19 [INFO]: Indexer finished. Mode: sandbox
2026-06-29 13:08:48 [INFO]: MongoDB connections — current: 21, available: 100279
2026-06-29 13:08:49 [INFO]: Starting indexer for mode: sandbox
2026-06-29 13:08:49 [INFO]: Indexer finished. Mode: sandbox
2026-06-29 13:09:19 [INFO]: Starting indexer for mode: sandbox
2026-06-29 13:09:19 [INFO]: Indexer finished. Mode: sandbox
2026-06-29 13:09:48 [INFO]: MongoDB connections — current: 21, available: 100279
2026-06-29 13:09:49 [INFO]: Starting indexer for mode: sandbox
2026-06-29 13:09:49 [INFO]: Indexer finished. Mode: sandbox
2026-06-29 13:10:19 [INFO]: Starting indexer for mode: sandbox
2026-06-29 13:10:19 [INFO]: Indexer finished. Mode: sandbox
2026-06-29 13:10:48 [INFO]: MongoDB connections — current: 21, available: 100279
2026-06-29 13:10:49 [INFO]: Starting indexer for mode: sandbox
2026-06-29 13:10:49 [INFO]: Indexer finished. Mode: sandbox
2026-06-29 13:11:19 [INFO]: Starting indexer for mode: sandbox
2026-06-29 13:11:19 [INFO]: Indexer finished. Mode: sandbox
2026-06-29 13:11:48 [INFO]: MongoDB connections — current: 21, available: 100279
2026-06-29 13:11:49 [INFO]: Starting indexer for mode: sandbox
2026-06-29 13:11:49 [INFO]: Indexer finished. Mode: sandbox
2026-06-29 13:12:19 [INFO]: Starting indexer for mode: sandbox
2026-06-29 13:12:19 [INFO]: Indexer finished. Mode: sandbox
2026-06-29 13:12:48 [INFO]: MongoDB connections — current: 22, available: 100278
2026-06-29 13:12:49 [INFO]: Starting indexer for mode: sandbox
2026-06-29 13:12:49 [INFO]: Indexer finished. Mode: sandbox
2026-06-29 13:13:19 [INFO]: Starting indexer for mode: sandbox
2026-06-29 13:13:19 [INFO]: Indexer finished. Mode: sandbox
2026-06-29 13:13:48 [INFO]: MongoDB connections — current: 21, available: 100279
2026-06-29 13:13:49 [INFO]: Starting indexer for mode: sandbox
2026-06-29 13:13:49 [INFO]: Indexer finished. Mode: sandbox
2026-06-29 13:14:19 [INFO]: Starting indexer for mode: sandbox
2026-06-29 13:14:19 [INFO]: Indexer finished. Mode: sandbox
2026-06-29 13:14:29 [INFO]: MongoDB connected
2026-06-29 13:14:29 [INFO]: Indexer scheduled for networks [testnet] every 30000ms
2026-06-29 13:14:29 [INFO]: Starting indexer for mode: testnet
2026-06-29 13:14:31 [INFO]: Indexer finished. Mode: testnet
2026-06-29 13:15:01 [INFO]: Starting indexer for mode: testnet
2026-06-29 13:15:03 [INFO]: Indexer finished. Mode: testnet
2026-06-29 13:15:29 [INFO]: MongoDB connections — current: 21, available: 100279
2026-06-29 13:15:31 [INFO]: Starting indexer for mode: testnet
2026-06-29 13:15:33 [INFO]: Indexer finished. Mode: testnet
2026-06-29 13:16:01 [INFO]: Starting indexer for mode: testnet
2026-06-29 13:16:03 [INFO]: Indexer finished. Mode: testnet
2026-06-29 13:16:29 [INFO]: MongoDB connections — current: 21, available: 100279
2026-06-29 13:16:31 [INFO]: Starting indexer for mode: testnet
2026-06-29 13:16:32 [INFO]: Indexer finished. Mode: testnet
2026-06-29 13:17:01 [INFO]: Starting indexer for mode: testnet
2026-06-29 13:17:03 [INFO]: Indexer finished. Mode: testnet
2026-06-29 13:17:29 [INFO]: MongoDB connections — current: 21, available: 100279
2026-06-29 13:17:31 [INFO]: Starting indexer for mode: testnet
2026-06-29 13:17:33 [INFO]: Indexer finished. Mode: testnet
2026-06-29 13:18:01 [INFO]: Starting indexer for mode: testnet
2026-06-29 13:18:03 [INFO]: Indexer finished. Mode: testnet
2026-06-29 13:18:29 [INFO]: MongoDB connections — current: 21, available: 100279
2026-06-29 13:18:31 [INFO]: Starting indexer for mode: testnet
2026-06-29 13:18:33 [INFO]: Indexer finished. Mode: testnet
2026-06-29 13:19:01 [INFO]: Starting indexer for mode: testnet
2026-06-29 13:19:03 [INFO]: Indexer finished. Mode: testnet
2026-06-29 13:19:29 [INFO]: MongoDB connections — current: 21, available: 100279
2026-06-29 13:19:31 [INFO]: Starting indexer for mode: testnet
2026-06-29 13:19:33 [INFO]: Indexer finished. Mode: testnet
2026-06-29 13:20:01 [INFO]: Starting indexer for mode: testnet
2026-06-29 13:20:03 [INFO]: Indexer finished. Mode: testnet
2026-06-29 13:20:29 [INFO]: MongoDB connections — current: 21, available: 100279
2026-06-29 13:20:31 [INFO]: Starting indexer for mode: testnet
2026-06-29 13:20:33 [INFO]: Indexer finished. Mode: testnet
2026-06-29 13:21:01 [INFO]: Starting indexer for mode: testnet
2026-06-29 13:21:03 [INFO]: Indexer finished. Mode: testnet
2026-06-29 13:21:29 [INFO]: MongoDB connections — current: 21, available: 100279
2026-06-29 13:21:31 [INFO]: Starting indexer for mode: testnet
2026-06-29 13:21:32 [INFO]: Indexer finished. Mode: testnet
2026-06-29 13:22:01 [INFO]: Starting indexer for mode: testnet
2026-06-29 13:22:02 [INFO]: Indexer finished. Mode: testnet
2026-06-29 13:22:29 [INFO]: MongoDB connections — current: 21, available: 100279
2026-06-29 13:22:31 [INFO]: Starting indexer for mode: testnet
2026-06-29 13:22:33 [INFO]: Indexer finished. Mode: testnet
2026-06-29 13:23:01 [INFO]: Starting indexer for mode: testnet
2026-06-29 13:23:02 [INFO]: Indexer finished. Mode: testnet
2026-06-29 13:23:29 [INFO]: MongoDB connections — current: 21, available: 100279
2026-06-29 13:23:31 [INFO]: Starting indexer for mode: testnet
2026-06-29 13:23:32 [INFO]: Indexer finished. Mode: testnet
2026-06-29 13:24:01 [INFO]: Starting indexer for mode: testnet
2026-06-29 13:24:03 [INFO]: Indexer finished. Mode: testnet
2026-06-29 13:24:29 [INFO]: MongoDB connections — current: 21, available: 100279
2026-06-29 13:24:31 [INFO]: Starting indexer for mode: testnet
2026-06-29 13:24:32 [INFO]: Indexer finished. Mode: testnet
2026-06-29 13:25:01 [INFO]: Starting indexer for mode: testnet
2026-06-29 13:25:03 [INFO]: Indexer finished. Mode: testnet
2026-06-29 14:27:48 [INFO]: MongoDB connected
2026-06-29 14:27:48 [INFO]: Indexer scheduled for networks [sandbox] every 30000ms
2026-06-29 14:27:48 [INFO]: Starting indexer for mode: sandbox
2026-06-29 14:27:54 [ERROR]: Indexer failed. Mode: sandbox, Error: Error: Error fetching from host http://host.docker.internal:8080: Error: Unable to connect. Is the computer able to access the url?
    at async defaultFetch (/app/node_modules/@aztec/foundation/dest/json-rpc/client/fetch.js:19:22)
    at async retry (/app/node_modules/@aztec/foundation/dest/retry/index.js:54:26)
    at async <anonymous> (/app/node_modules/@aztec/foundation/dest/json-rpc/client/fetch.js:62:22)
    at async <anonymous> (/app/node_modules/@aztec/foundation/dest/json-rpc/client/safe_json_rpc_client.js:67:49) {
  code: 'ConnectionRefused',
  path: 'http://host.docker.internal:8080/',
  errno: 0
}
2026-06-29 14:28:24 [INFO]: Starting indexer for mode: sandbox
2026-06-29 14:28:30 [ERROR]: Indexer failed. Mode: sandbox, Error: Error: Error fetching from host http://host.docker.internal:8080: Error: Unable to connect. Is the computer able to access the url?
    at async defaultFetch (/app/node_modules/@aztec/foundation/dest/json-rpc/client/fetch.js:19:22)
    at async retry (/app/node_modules/@aztec/foundation/dest/retry/index.js:54:26)
    at async <anonymous> (/app/node_modules/@aztec/foundation/dest/json-rpc/client/fetch.js:62:22)
    at async <anonymous> (/app/node_modules/@aztec/foundation/dest/json-rpc/client/safe_json_rpc_client.js:67:49) {
  code: 'ConnectionRefused',
  path: 'http://host.docker.internal:8080/',
  errno: 0
}
2026-06-29 14:28:48 [INFO]: MongoDB connections — current: 10, available: 100290
2026-06-29 14:28:54 [INFO]: Starting indexer for mode: sandbox
2026-06-29 14:28:54 [INFO]: Indexer finished. Mode: sandbox
2026-06-29 14:29:24 [INFO]: Starting indexer for mode: sandbox
2026-06-29 14:29:24 [INFO]: Indexer finished. Mode: sandbox
2026-06-29 14:29:48 [INFO]: MongoDB connections — current: 10, available: 100290
2026-06-29 14:29:54 [INFO]: Starting indexer for mode: sandbox
2026-06-29 14:30:00 [ERROR]: Indexer failed. Mode: sandbox, Error: Error: Error fetching from host http://host.docker.internal:8080: Error: Unable to connect. Is the computer able to access the url?
    at async defaultFetch (/app/node_modules/@aztec/foundation/dest/json-rpc/client/fetch.js:19:22)
    at async retry (/app/node_modules/@aztec/foundation/dest/retry/index.js:54:26)
    at async <anonymous> (/app/node_modules/@aztec/foundation/dest/json-rpc/client/fetch.js:62:22)
    at async <anonymous> (/app/node_modules/@aztec/foundation/dest/json-rpc/client/safe_json_rpc_client.js:67:49) {
  code: 'ConnectionRefused',
  path: 'http://host.docker.internal:8080/',
  errno: 0
}
2026-06-29 14:30:24 [INFO]: Starting indexer for mode: sandbox
2026-06-29 14:30:30 [ERROR]: Indexer failed. Mode: sandbox, Error: Error: Error fetching from host http://host.docker.internal:8080: Error: Unable to connect. Is the computer able to access the url?
    at async defaultFetch (/app/node_modules/@aztec/foundation/dest/json-rpc/client/fetch.js:19:22)
    at async retry (/app/node_modules/@aztec/foundation/dest/retry/index.js:54:26)
    at async <anonymous> (/app/node_modules/@aztec/foundation/dest/json-rpc/client/fetch.js:62:22)
    at async <anonymous> (/app/node_modules/@aztec/foundation/dest/json-rpc/client/safe_json_rpc_client.js:67:49) {
  code: 'ConnectionRefused',
  path: 'http://host.docker.internal:8080/',
  errno: 0
}
2026-06-29 14:31:12 [INFO]: MongoDB connected
2026-06-29 14:31:12 [INFO]: Indexer scheduled for networks [testnet] every 30000ms
2026-06-29 14:31:12 [INFO]: Starting indexer for mode: testnet
2026-06-29 14:31:12 [INFO]: Indexer finished. Mode: testnet
2026-06-29 14:31:42 [INFO]: Starting indexer for mode: testnet
2026-06-29 14:31:42 [INFO]: Indexer finished. Mode: testnet
2026-06-29 14:32:12 [INFO]: MongoDB connections — current: 10, available: 100290
2026-06-29 14:32:12 [INFO]: Starting indexer for mode: testnet
2026-06-29 14:32:12 [INFO]: Indexer finished. Mode: testnet
2026-06-29 14:32:42 [INFO]: Starting indexer for mode: testnet
2026-06-29 14:32:42 [INFO]: Indexer finished. Mode: testnet
2026-06-29 14:33:12 [INFO]: MongoDB connections — current: 10, available: 100290
2026-06-29 14:33:12 [INFO]: Starting indexer for mode: testnet
2026-06-29 14:33:12 [INFO]: Indexer finished. Mode: testnet
2026-06-29 14:33:42 [INFO]: Starting indexer for mode: testnet
2026-06-29 14:33:42 [INFO]: Indexer finished. Mode: testnet
2026-06-29 14:34:12 [INFO]: MongoDB connections — current: 10, available: 100290
2026-06-29 14:34:12 [INFO]: Starting indexer for mode: testnet
2026-06-29 14:34:12 [INFO]: Indexer finished. Mode: testnet
2026-06-29 14:34:42 [INFO]: Starting indexer for mode: testnet
2026-06-29 14:34:42 [INFO]: Indexer finished. Mode: testnet
2026-06-29 14:35:12 [INFO]: MongoDB connections — current: 10, available: 100290
2026-06-29 14:35:12 [INFO]: Starting indexer for mode: testnet
2026-06-29 14:35:12 [INFO]: Indexer finished. Mode: testnet
2026-06-29 14:35:42 [INFO]: Starting indexer for mode: testnet
2026-06-29 14:35:42 [INFO]: Indexer finished. Mode: testnet
2026-06-29 14:36:12 [INFO]: MongoDB connections — current: 10, available: 100290
2026-06-29 14:36:12 [INFO]: Starting indexer for mode: testnet
2026-06-29 14:36:12 [INFO]: Indexer finished. Mode: testnet
2026-06-29 14:36:42 [INFO]: Starting indexer for mode: testnet
2026-06-29 14:36:42 [INFO]: Indexer finished. Mode: testnet
2026-06-29 14:37:12 [INFO]: MongoDB connections — current: 10, available: 100290
2026-06-29 14:37:12 [INFO]: Starting indexer for mode: testnet
2026-06-29 14:37:12 [INFO]: Indexer finished. Mode: testnet
2026-06-29 14:37:42 [INFO]: Starting indexer for mode: testnet
2026-06-29 14:37:42 [INFO]: Indexer finished. Mode: testnet
2026-06-29 14:38:12 [INFO]: MongoDB connections — current: 10, available: 100290
2026-06-29 14:38:12 [INFO]: Starting indexer for mode: testnet
2026-06-29 14:38:12 [INFO]: Indexer finished. Mode: testnet
2026-06-29 14:38:42 [INFO]: Starting indexer for mode: testnet
2026-06-29 14:38:42 [INFO]: Indexer finished. Mode: testnet
2026-06-29 14:39:12 [INFO]: MongoDB connections — current: 10, available: 100290
2026-06-29 14:39:12 [INFO]: Starting indexer for mode: testnet
2026-06-29 14:39:12 [INFO]: Indexer finished. Mode: testnet
2026-06-29 14:39:42 [INFO]: Starting indexer for mode: testnet
2026-06-29 14:39:42 [INFO]: Indexer finished. Mode: testnet
2026-06-29 14:40:12 [INFO]: MongoDB connections — current: 10, available: 100290
2026-06-29 14:40:12 [INFO]: Starting indexer for mode: testnet
2026-06-29 14:40:12 [INFO]: Indexer finished. Mode: testnet
2026-06-29 14:40:42 [INFO]: Starting indexer for mode: testnet
2026-06-29 14:40:42 [INFO]: Indexer finished. Mode: testnet
2026-06-29 14:41:12 [INFO]: MongoDB connections — current: 10, available: 100290
2026-06-29 14:41:12 [INFO]: Starting indexer for mode: testnet
2026-06-29 14:41:12 [INFO]: Indexer finished. Mode: testnet
2026-06-29 14:41:42 [INFO]: Starting indexer for mode: testnet
2026-06-29 14:41:42 [INFO]: Indexer finished. Mode: testnet
2026-06-29 14:42:12 [INFO]: MongoDB connections — current: 10, available: 100290
2026-06-29 14:42:12 [INFO]: Starting indexer for mode: testnet
2026-06-29 14:42:12 [INFO]: Indexer finished. Mode: testnet
2026-06-29 14:42:42 [INFO]: Starting indexer for mode: testnet
2026-06-29 14:42:42 [INFO]: Indexer finished. Mode: testnet
2026-06-29 14:43:12 [INFO]: MongoDB connections — current: 10, available: 100290
2026-06-29 14:43:12 [INFO]: Starting indexer for mode: testnet
2026-06-29 14:43:13 [INFO]: Indexer finished. Mode: testnet
2026-06-29 14:43:42 [INFO]: Starting indexer for mode: testnet
2026-06-29 14:43:43 [INFO]: Indexer finished. Mode: testnet
2026-06-29 14:44:12 [INFO]: MongoDB connections — current: 10, available: 100290
2026-06-29 14:44:12 [INFO]: Starting indexer for mode: testnet
2026-06-29 14:44:13 [INFO]: Indexer finished. Mode: testnet
2026-06-29 14:44:42 [INFO]: Starting indexer for mode: testnet
2026-06-29 14:44:42 [INFO]: Indexer finished. Mode: testnet
2026-06-29 14:45:12 [INFO]: MongoDB connections — current: 10, available: 100290
2026-06-29 14:45:12 [INFO]: Starting indexer for mode: testnet
2026-06-29 14:45:12 [INFO]: Indexer finished. Mode: testnet
2026-06-29 14:45:42 [INFO]: Starting indexer for mode: testnet
2026-06-29 14:45:42 [INFO]: Indexer finished. Mode: testnet
2026-06-29 14:46:12 [INFO]: MongoDB connections — current: 10, available: 100290
2026-06-29 14:46:12 [INFO]: Starting indexer for mode: testnet
2026-06-29 14:46:12 [INFO]: Indexer finished. Mode: testnet
2026-06-29 14:46:42 [INFO]: Starting indexer for mode: testnet
2026-06-29 14:46:42 [INFO]: Indexer finished. Mode: testnet
2026-06-29 14:47:12 [INFO]: MongoDB connections — current: 10, available: 100290
2026-06-29 14:47:12 [INFO]: Starting indexer for mode: testnet
2026-06-29 14:47:12 [INFO]: Indexer finished. Mode: testnet
2026-06-29 14:47:42 [INFO]: Starting indexer for mode: testnet
2026-06-29 14:47:42 [INFO]: Indexer finished. Mode: testnet
2026-06-29 14:48:12 [INFO]: MongoDB connections — current: 10, available: 100290
2026-06-29 14:48:12 [INFO]: Starting indexer for mode: testnet
2026-06-29 14:48:12 [INFO]: Indexer finished. Mode: testnet
2026-06-29 14:48:42 [INFO]: Starting indexer for mode: testnet
2026-06-29 14:48:42 [INFO]: Indexer finished. Mode: testnet
2026-06-29 14:49:12 [INFO]: MongoDB connections — current: 10, available: 100290
2026-06-29 14:49:12 [INFO]: Starting indexer for mode: testnet
2026-06-29 15:05:46 [INFO]: Indexer finished. Mode: testnet
2026-06-29 15:05:58 [INFO]: Starting indexer for mode: testnet
2026-06-29 15:05:58 [INFO]: Indexer finished. Mode: testnet
2026-06-29 15:06:27 [INFO]: MongoDB connections — current: 10, available: 100290
2026-06-29 15:06:28 [INFO]: Starting indexer for mode: testnet
2026-06-29 15:06:28 [INFO]: Indexer finished. Mode: testnet
2026-06-29 15:06:58 [INFO]: Starting indexer for mode: testnet
2026-06-29 15:06:58 [INFO]: Indexer finished. Mode: testnet
2026-06-29 15:07:27 [INFO]: MongoDB connections — current: 10, available: 100290
2026-06-29 15:07:28 [INFO]: Starting indexer for mode: testnet
2026-06-29 15:07:28 [INFO]: Indexer finished. Mode: testnet
2026-06-29 15:07:58 [INFO]: Starting indexer for mode: testnet
2026-06-29 15:07:58 [INFO]: Indexer finished. Mode: testnet
2026-06-29 15:08:27 [INFO]: MongoDB connections — current: 10, available: 100290
2026-06-29 15:08:28 [INFO]: Starting indexer for mode: testnet
2026-06-29 15:08:28 [INFO]: Indexer finished. Mode: testnet
2026-06-29 15:08:58 [INFO]: Starting indexer for mode: testnet
2026-06-29 15:08:58 [INFO]: Indexer finished. Mode: testnet
2026-06-29 15:09:27 [INFO]: MongoDB connections — current: 10, available: 100290
2026-06-29 15:09:28 [INFO]: Starting indexer for mode: testnet
2026-06-29 15:09:28 [INFO]: Indexer finished. Mode: testnet
2026-06-29 15:09:58 [INFO]: Starting indexer for mode: testnet
2026-06-29 15:09:58 [INFO]: Indexer finished. Mode: testnet
2026-06-29 15:10:27 [INFO]: MongoDB connections — current: 10, available: 100290
2026-06-29 15:10:28 [INFO]: Starting indexer for mode: testnet
2026-06-29 15:10:28 [INFO]: Indexer finished. Mode: testnet
2026-06-29 15:10:58 [INFO]: Starting indexer for mode: testnet
2026-06-29 15:10:58 [INFO]: Indexer finished. Mode: testnet
2026-06-29 15:11:27 [INFO]: MongoDB connections — current: 10, available: 100290
2026-06-29 15:11:28 [INFO]: Starting indexer for mode: testnet
2026-06-29 15:11:28 [INFO]: Indexer finished. Mode: testnet
2026-06-29 15:11:58 [INFO]: Starting indexer for mode: testnet
2026-06-29 15:11:58 [INFO]: Indexer finished. Mode: testnet
2026-06-29 15:12:27 [INFO]: MongoDB connections — current: 10, available: 100290
2026-06-29 15:12:28 [INFO]: Starting indexer for mode: testnet
2026-06-29 15:12:28 [INFO]: Indexer finished. Mode: testnet
2026-06-29 15:12:58 [INFO]: Starting indexer for mode: testnet
2026-06-29 15:12:58 [INFO]: Indexer finished. Mode: testnet
2026-06-29 15:13:27 [INFO]: MongoDB connections — current: 10, available: 100290
2026-06-29 15:13:28 [INFO]: Starting indexer for mode: testnet
2026-06-29 15:13:28 [INFO]: Indexer finished. Mode: testnet
2026-06-29 15:13:58 [INFO]: Starting indexer for mode: testnet
2026-06-29 15:13:58 [INFO]: Indexer finished. Mode: testnet
2026-06-29 15:14:27 [INFO]: MongoDB connections — current: 10, available: 100290
2026-06-29 15:14:28 [INFO]: Starting indexer for mode: testnet
2026-06-29 15:14:28 [INFO]: Indexer finished. Mode: testnet
2026-06-29 15:14:58 [INFO]: Starting indexer for mode: testnet
2026-06-29 15:14:58 [INFO]: Indexer finished. Mode: testnet
2026-06-29 15:15:27 [INFO]: MongoDB connections — current: 10, available: 100290
2026-06-29 15:15:28 [INFO]: Starting indexer for mode: testnet
2026-06-29 15:15:28 [INFO]: Indexer finished. Mode: testnet
2026-06-29 15:15:58 [INFO]: Starting indexer for mode: testnet
2026-06-29 15:15:58 [INFO]: Indexer finished. Mode: testnet
2026-06-29 15:16:27 [INFO]: MongoDB connections — current: 10, available: 100290
2026-06-29 15:16:28 [INFO]: Starting indexer for mode: testnet
2026-06-29 15:16:28 [INFO]: Indexer finished. Mode: testnet
2026-06-29 15:16:58 [INFO]: Starting indexer for mode: testnet
2026-06-29 15:16:58 [INFO]: Indexer finished. Mode: testnet
2026-06-29 15:17:27 [INFO]: MongoDB connections — current: 10, available: 100290
2026-06-29 15:17:28 [INFO]: Starting indexer for mode: testnet
2026-06-29 15:17:28 [INFO]: Indexer finished. Mode: testnet
2026-06-29 15:17:58 [INFO]: Starting indexer for mode: testnet
2026-06-29 15:17:58 [INFO]: Indexer finished. Mode: testnet
2026-06-29 15:18:27 [INFO]: MongoDB connections — current: 10, available: 100290
2026-06-29 15:18:28 [INFO]: Starting indexer for mode: testnet
2026-06-29 15:18:28 [INFO]: Indexer finished. Mode: testnet
2026-06-29 15:18:58 [INFO]: Starting indexer for mode: testnet
2026-06-29 15:18:58 [INFO]: Indexer finished. Mode: testnet
2026-06-29 15:19:27 [INFO]: MongoDB connections — current: 10, available: 100290
2026-06-29 15:19:28 [INFO]: Starting indexer for mode: testnet
2026-06-29 15:19:28 [INFO]: Indexer finished. Mode: testnet
2026-06-29 15:19:58 [INFO]: Starting indexer for mode: testnet
2026-06-29 15:19:58 [INFO]: Indexer finished. Mode: testnet
2026-06-29 15:20:27 [INFO]: MongoDB connections — current: 10, available: 100290
2026-06-29 15:20:28 [INFO]: Starting indexer for mode: testnet
2026-06-29 15:20:28 [INFO]: Indexer finished. Mode: testnet
2026-06-29 15:20:58 [INFO]: Starting indexer for mode: testnet
2026-06-29 15:20:58 [INFO]: Indexer finished. Mode: testnet
2026-06-29 15:21:27 [INFO]: MongoDB connections — current: 10, available: 100290
2026-06-29 15:21:28 [INFO]: Starting indexer for mode: testnet
2026-06-29 15:21:28 [INFO]: Indexer finished. Mode: testnet
2026-06-29 15:21:58 [INFO]: Starting indexer for mode: testnet
2026-06-29 15:21:58 [INFO]: Indexer finished. Mode: testnet
2026-06-29 15:22:27 [INFO]: MongoDB connections — current: 10, available: 100290
2026-06-29 15:22:28 [INFO]: Starting indexer for mode: testnet
2026-06-29 15:22:28 [INFO]: Indexer finished. Mode: testnet
2026-06-29 15:22:58 [INFO]: Starting indexer for mode: testnet
2026-06-29 15:22:58 [INFO]: Indexer finished. Mode: testnet
2026-06-29 15:23:27 [INFO]: MongoDB connections — current: 10, available: 100290
2026-06-29 15:23:28 [INFO]: Starting indexer for mode: testnet
2026-06-29 15:23:28 [INFO]: Indexer finished. Mode: testnet
2026-06-29 15:23:58 [INFO]: Starting indexer for mode: testnet
2026-06-29 15:23:58 [INFO]: Indexer finished. Mode: testnet
2026-06-29 15:24:27 [INFO]: MongoDB connections — current: 10, available: 100290
2026-06-29 15:24:28 [INFO]: Starting indexer for mode: testnet
2026-06-29 15:24:28 [INFO]: Indexer finished. Mode: testnet
2026-06-29 15:24:58 [INFO]: Starting indexer for mode: testnet
2026-06-29 15:24:58 [INFO]: Indexer finished. Mode: testnet
2026-06-29 15:25:27 [INFO]: MongoDB connections — current: 10, available: 100290
2026-06-29 15:25:28 [INFO]: Starting indexer for mode: testnet
2026-06-29 15:25:28 [INFO]: Indexer finished. Mode: testnet
2026-06-29 15:25:58 [INFO]: Starting indexer for mode: testnet
2026-06-29 15:25:58 [INFO]: Indexer finished. Mode: testnet
2026-06-29 15:26:27 [INFO]: MongoDB connections — current: 10, available: 100290
2026-06-29 15:26:28 [INFO]: Starting indexer for mode: testnet
2026-06-29 15:26:28 [INFO]: Indexer finished. Mode: testnet
2026-06-29 15:26:58 [INFO]: Starting indexer for mode: testnet
2026-06-29 15:26:58 [INFO]: Indexer finished. Mode: testnet
2026-06-29 15:27:27 [INFO]: MongoDB connections — current: 10, available: 100290
2026-06-29 15:27:28 [INFO]: Starting indexer for mode: testnet
2026-06-29 15:27:28 [INFO]: Indexer finished. Mode: testnet
2026-06-29 15:27:58 [INFO]: Starting indexer for mode: testnet
2026-06-29 15:27:58 [INFO]: Indexer finished. Mode: testnet
